Component: ARM Compiler 5.06 update 7 (build 960) Tool: armlink [4d3601]

==============================================================================

Section Cross References

    startup_stm32f427xx.o(STACK) refers (Special) to heapauxi.o(.text) for __use_two_region_memory
    startup_stm32f427xx.o(HEAP) refers (Special) to heapauxi.o(.text) for __use_two_region_memory
    startup_stm32f427xx.o(RESET) refers (Special) to heapauxi.o(.text) for __use_two_region_memory
    startup_stm32f427xx.o(RESET) refers to startup_stm32f427xx.o(STACK) for __initial_sp
    startup_stm32f427xx.o(RESET) refers to startup_stm32f427xx.o(.text) for Reset_Handler
    startup_stm32f427xx.o(RESET) refers to stm32f4xx_it.o(i.NMI_Handler) for NMI_Handler
    startup_stm32f427xx.o(RESET) refers to stm32f4xx_it.o(i.HardFault_Handler) for HardFault_Handler
    startup_stm32f427xx.o(RESET) refers to stm32f4xx_it.o(i.MemManage_Handler) for MemManage_Handler
    startup_stm32f427xx.o(RESET) refers to stm32f4xx_it.o(i.BusFault_Handler) for BusFault_Handler
    startup_stm32f427xx.o(RESET) refers to stm32f4xx_it.o(i.UsageFault_Handler) for UsageFault_Handler
    startup_stm32f427xx.o(RESET) refers to port.o(.emb_text) for SVC_Handler
    startup_stm32f427xx.o(RESET) refers to stm32f4xx_it.o(i.DebugMon_Handler) for DebugMon_Handler
    startup_stm32f427xx.o(RESET) refers to delay.o(i.SysTick_Handler) for SysTick_Handler
    startup_stm32f427xx.o(RESET) refers to can1.o(i.CAN1_RX0_IRQHandler) for CAN1_RX0_IRQHandler
    startup_stm32f427xx.o(RESET) refers to timer.o(i.TIM4_IRQHandler) for TIM4_IRQHandler
    startup_stm32f427xx.o(RESET) refers to can2.o(i.CAN2_RX0_IRQHandler) for CAN2_RX0_IRQHandler
    startup_stm32f427xx.o(RESET) refers to remotecontrol.o(i.DMA2_Stream5_IRQHandler) for DMA2_Stream5_IRQHandler
    startup_stm32f427xx.o(RESET) refers to comm_umpire.o(i.USART6_IRQHandler) for USART6_IRQHandler
    startup_stm32f427xx.o(RESET) refers to usart.o(i.UART7_IRQHandler) for UART7_IRQHandler
    startup_stm32f427xx.o(.text) refers (Special) to heapauxi.o(.text) for __use_two_region_memory
    startup_stm32f427xx.o(.text) refers to system_stm32f4xx.o(i.SystemInit) for SystemInit
    startup_stm32f427xx.o(.text) refers to __main.o(!!!main) for __main
    startup_stm32f427xx.o(.text) refers to startup_stm32f427xx.o(HEAP) for Heap_Mem
    startup_stm32f427xx.o(.text) refers to startup_stm32f427xx.o(STACK) for Stack_Mem
    system_stm32f4xx.o(i.SystemCoreClockUpdate) refers to system_stm32f4xx.o(.data) for SystemCoreClock
    system_stm32f4xx.o(i.SystemInit) refers to system_stm32f4xx.o(i.SetSysClock) for SetSysClock
    stm32f4xx_adc.o(i.ADC_DeInit) refers to stm32f4xx_rcc.o(i.RCC_APB2PeriphResetCmd) for RCC_APB2PeriphResetCmd
    stm32f4xx_can.o(i.CAN_DeInit) refers to stm32f4xx_rcc.o(i.RCC_APB1PeriphResetCmd) for RCC_APB1PeriphResetCmd
    stm32f4xx_can.o(i.CAN_GetITStatus) refers to stm32f4xx_can.o(i.CheckITStatus) for CheckITStatus
    stm32f4xx_flash.o(i.FLASH_EraseAllBank1Sectors) refers to stm32f4xx_flash.o(i.FLASH_WaitForLastOperation) for FLASH_WaitForLastOperation
    stm32f4xx_flash.o(i.FLASH_EraseAllBank2Sectors) refers to stm32f4xx_flash.o(i.FLASH_WaitForLastOperation) for FLASH_WaitForLastOperation
    stm32f4xx_flash.o(i.FLASH_EraseAllSectors) refers to stm32f4xx_flash.o(i.FLASH_WaitForLastOperation) for FLASH_WaitForLastOperation
    stm32f4xx_flash.o(i.FLASH_EraseSector) refers to stm32f4xx_flash.o(i.FLASH_WaitForLastOperation) for FLASH_WaitForLastOperation
    stm32f4xx_flash.o(i.FLASH_OB_Launch) refers to stm32f4xx_flash.o(i.FLASH_WaitForLastOperation) for FLASH_WaitForLastOperation
    stm32f4xx_flash.o(i.FLASH_OB_PCROP1Config) refers to stm32f4xx_flash.o(i.FLASH_WaitForLastOperation) for FLASH_WaitForLastOperation
    stm32f4xx_flash.o(i.FLASH_OB_PCROPConfig) refers to stm32f4xx_flash.o(i.FLASH_WaitForLastOperation) for FLASH_WaitForLastOperation
    stm32f4xx_flash.o(i.FLASH_OB_RDPConfig) refers to stm32f4xx_flash.o(i.FLASH_WaitForLastOperation) for FLASH_WaitForLastOperation
    stm32f4xx_flash.o(i.FLASH_OB_UserConfig) refers to stm32f4xx_flash.o(i.FLASH_WaitForLastOperation) for FLASH_WaitForLastOperation
    stm32f4xx_flash.o(i.FLASH_OB_WRP1Config) refers to stm32f4xx_flash.o(i.FLASH_WaitForLastOperation) for FLASH_WaitForLastOperation
    stm32f4xx_flash.o(i.FLASH_OB_WRPConfig) refers to stm32f4xx_flash.o(i.FLASH_WaitForLastOperation) for FLASH_WaitForLastOperation
    stm32f4xx_flash.o(i.FLASH_ProgramByte) refers to stm32f4xx_flash.o(i.FLASH_WaitForLastOperation) for FLASH_WaitForLastOperation
    stm32f4xx_flash.o(i.FLASH_ProgramDoubleWord) refers to stm32f4xx_flash.o(i.FLASH_WaitForLastOperation) for FLASH_WaitForLastOperation
    stm32f4xx_flash.o(i.FLASH_ProgramHalfWord) refers to stm32f4xx_flash.o(i.FLASH_WaitForLastOperation) for FLASH_WaitForLastOperation
[...]
    micros                                   0x0800b289   Thumb Code    58  stm32f4xx_it.o(i.micros)
    number_t                                 0x0800b331   Thumb Code   464  usart_senddata.o(i.number_t)
    power_ctrl_off                           0x0800b521   Thumb Code    26  power.o(i.power_ctrl_off)
    power_ctrl_on                            0x0800b541   Thumb Code    26  power.o(i.power_ctrl_on)
    pvPortMalloc                             0x0800bee5   Thumb Code   296  heap_4.o(i.pvPortMalloc)
    pvTaskIncrementMutexHeldCount            0x0800c021   Thumb Code    26  tasks.o(i.pvTaskIncrementMutexHeldCount)
    pxPortInitialiseStack                    0x0800c041   Thumb Code    38  port.o(i.pxPortInitialiseStack)
    send_mode                                0x0800c15d   Thumb Code   486  usart_senddata.o(i.send_mode)
    shoot_task                               0x0800c371   Thumb Code   370  ctrl_shoot.o(i.shoot_task)
    shoot_task1                              0x0800c51d   Thumb Code   406  ctrl_shoot.o(i.shoot_task1)
    sqrtf                                    0x0800c6f5   Thumb Code    62  sqrtf.o(i.sqrtf)
    startTast                                0x0800c735   Thumb Code    24  start_task.o(i.startTast)
    start_task                               0x0800c761   Thumb Code   106  start_task.o(i.start_task)
    tx2_send                                 0x0800c839   Thumb Code   130  usart_senddata.o(i.tx2_send)
    usart_init                               0x0800c8cd   Thumb Code   264  usart.o(i.usart_init)
    uxListRemove                             0x0800c9e5   Thumb Code    40  list.o(i.uxListRemove)
    vListInitialise                          0x0800ca0d   Thumb Code    26  list.o(i.vListInitialise)
    vListInitialiseItem                      0x0800ca27   Thumb Code     6  list.o(i.vListInitialiseItem)
    vListInsert                              0x0800ca2d   Thumb Code    52  list.o(i.vListInsert)
    vListInsertEnd                           0x0800ca61   Thumb Code    24  list.o(i.vListInsertEnd)
    vPortEnterCritical                       0x0800ca79   Thumb Code    76  port.o(i.vPortEnterCritical)
    vPortExitCritical                        0x0800cacd   Thumb Code    56  port.o(i.vPortExitCritical)
    vPortFree                                0x0800cb09   Thumb Code   140  heap_4.o(i.vPortFree)
    vPortSetupTimerInterrupt                 0x0800cb9d   Thumb Code    26  port.o(i.vPortSetupTimerInterrupt)
    vPortValidateInterruptPriority           0x0800cbbd   Thumb Code   106  port.o(i.vPortValidateInterruptPriority)
    vQueueAddToRegistry                      0x0800cc35   Thumb Code    38  queue.o(i.vQueueAddToRegistry)
    vQueueWaitForMessageRestricted           0x0800cc61   Thumb Code    74  queue.o(i.vQueueWaitForMessageRestricted)
    vTaskDelay                               0x0800ccad   Thumb Code    82  tasks.o(i.vTaskDelay)
    vTaskDelete                              0x0800cd09   Thumb Code   202  tasks.o(i.vTaskDelete)
    vTaskMissedYield                         0x0800cdfd   Thumb Code     8  tasks.o(i.vTaskMissedYield)
    vTaskPlaceOnEventList                    0x0800ce09   Thumb Code    52  tasks.o(i.vTaskPlaceOnEventList)
    vTaskPlaceOnEventListRestricted          0x0800ce41   Thumb Code    60  tasks.o(i.vTaskPlaceOnEventListRestricted)
    vTaskPriorityInherit                     0x0800ce81   Thumb Code   164  tasks.o(i.vTaskPriorityInherit)
    vTaskSetTimeOutState                     0x0800cf31   Thumb Code    38  tasks.o(i.vTaskSetTimeOutState)
    vTaskStartScheduler                      0x0800cf61   Thumb Code   118  tasks.o(i.vTaskStartScheduler)
    vTaskSuspendAll                          0x0800cff5   Thumb Code    12  tasks.o(i.vTaskSuspendAll)
    vTaskSwitchContext                       0x0800d005   Thumb Code   118  tasks.o(i.vTaskSwitchContext)
    xPortStartScheduler                      0x0800d091   Thumb Code   288  port.o(i.xPortStartScheduler)
    xPortSysTickHandler                      0x0800d1cd   Thumb Code    46  port.o(i.xPortSysTickHandler)
    xQueueGenericCreate                      0x0800d201   Thumb Code    88  queue.o(i.xQueueGenericCreate)
    xQueueGenericReceive                     0x0800d259   Thumb Code   446  queue.o(i.xQueueGenericReceive)
    xQueueGenericReset                       0x0800d41d   Thumb Code   146  queue.o(i.xQueueGenericReset)
    xQueueGenericSend                        0x0800d4b5   Thumb Code   420  queue.o(i.xQueueGenericSend)
    xQueueGenericSendFromISR                 0x0800d65d   Thumb Code   248  queue.o(i.xQueueGenericSendFromISR)
    xTaskCheckForTimeOut                     0x0800d755   Thumb Code   132  tasks.o(i.xTaskCheckForTimeOut)
    xTaskCreate                              0x0800d7e1   Thumb Code    96  tasks.o(i.xTaskCreate)
    xTaskGetSchedulerState                   0x0800d841   Thumb Code    24  tasks.o(i.xTaskGetSchedulerState)
    xTaskGetTickCount                        0x0800d861   Thumb Code     6  tasks.o(i.xTaskGetTickCount)
    xTaskIncrementTick                       0x0800d86d   Thumb Code   282  tasks.o(i.xTaskIncrementTick)
    xTaskPriorityDisinherit                  0x0800d9b5   Thumb Code   188  tasks.o(i.xTaskPriorityDisinherit)
    xTaskRemoveFromEventList                 0x0800da7d   Thumb Code   128  tasks.o(i.xTaskRemoveFromEventList)
    xTaskResumeAll                           0x0800db15   Thumb Code   224  tasks.o(i.xTaskResumeAll)
    xTimerCreateTimerTask                    0x0800dc19   Thumb Code    66  timers.o(i.xTimerCreateTimerTask)
    xTimerGenericCommand                     0x0800dc71   Thumb Code   126  timers.o(i.xTimerGenericCommand)
    __aeabi_dneg                             0x0800dcf5   Thumb Code     0  basic.o(x$fpl$basic)
    _dneg                                    0x0800dcf5   Thumb Code     6  basic.o(x$fpl$basic)
    __aeabi_fneg                             0x0800dcfb   Thumb Code     0  basic.o(x$fpl$basic)
    _fneg                                    0x0800dcfb   Thumb Code     6  basic.o(x$fpl$basic)
    _dabs                                    0x0800dd01   Thumb Code     6  basic.o(x$fpl$basic)
    _fabs                                    0x0800dd07   Thumb Code     6  basic.o(x$fpl$basic)
    __aeabi_d2f                              0x0800dd0d   Thumb Code     0  d2f.o(x$fpl$d2f)
    _d2f                                     0x0800dd0d   Thumb Code    98  d2f.o(x$fpl$d2f)
    __aeabi_dadd                             0x0800dd71   Thumb Code     0  daddsub_clz.o(x$fpl$dadd)
    _dadd                                    0x0800dd71   Thumb Code   332  daddsub_clz.o(x$fpl$dadd)
    __fpl_dcmp_Inf                           0x0800dec1   Thumb Code    24  dcmpi.o(x$fpl$dcmpinf)
    __aeabi_ddiv                             0x0800ded9   Thumb Code     0  ddiv.o(x$fpl$ddiv)
    _ddiv                                    0x0800ded9   Thumb Code   552  ddiv.o(x$fpl$ddiv)
    __aeabi_cdcmpeq                          0x0800e189   Thumb Code     0  deqf.o(x$fpl$deqf)
    _dcmpeq                                  0x0800e189   Thumb Code   120  deqf.o(x$fpl$deqf)
    __aeabi_d2iz                             0x0800e201   Thumb Code     0  dfix.o(x$fpl$dfix)
    _dfix                                    0x0800e201   Thumb Code    94  dfix.o(x$fpl$dfix)
    __aeabi_i2d                              0x0800e25f   Thumb Code     0  dflt_clz.o(x$fpl$dflt)
    _dflt                                    0x0800e25f   Thumb Code    46  dflt_clz.o(x$fpl$dflt)
    __aeabi_ui2d                             0x0800e28d   Thumb Code     0  dflt_clz.o(x$fpl$dfltu)
    _dfltu                                   0x0800e28d   Thumb Code    38  dflt_clz.o(x$fpl$dfltu)
    __aeabi_cdcmple                          0x0800e2b5   Thumb Code     0  dleqf.o(x$fpl$dleqf)
    _dcmple                                  0x0800e2b5   Thumb Code   120  dleqf.o(x$fpl$dleqf)
    __fpl_dcmple_InfNaN                      0x0800e317   Thumb Code     0  dleqf.o(x$fpl$dleqf)
    __aeabi_dmul                             0x0800e32d   Thumb Code     0  dmul.o(x$fpl$dmul)
    _dmul                                    0x0800e32d   Thumb Code   332  dmul.o(x$fpl$dmul)
    __fpl_dnaninf                            0x0800e481   Thumb Code   156  dnaninf.o(x$fpl$dnaninf)
    __fpl_dretinf                            0x0800e51d   Thumb Code    12  dretinf.o(x$fpl$dretinf)
    __aeabi_cdrcmple                         0x0800e529   Thumb Code     0  drleqf.o(x$fpl$drleqf)
    _drcmple                                 0x0800e529   Thumb Code   108  drleqf.o(x$fpl$drleqf)
    __aeabi_drsub                            0x0800e595   Thumb Code     0  daddsub_clz.o(x$fpl$drsb)
    _drsb                                    0x0800e595   Thumb Code    22  daddsub_clz.o(x$fpl$drsb)
    _dsqrt                                   0x0800e5ad   Thumb Code   404  dsqrt_umaal.o(x$fpl$dsqrt)
    __aeabi_dsub                             0x0800e745   Thumb Code     0  daddsub_clz.o(x$fpl$dsub)
    _dsub                                    0x0800e745   Thumb Code   464  daddsub_clz.o(x$fpl$dsub)
    __aeabi_f2d                              0x0800e919   Thumb Code     0  f2d.o(x$fpl$f2d)
    _f2d                                     0x0800e919   Thumb Code    86  f2d.o(x$fpl$f2d)
    __fpl_fnaninf                            0x0800e96f   Thumb Code   140  fnaninf.o(x$fpl$fnaninf)
    _fp_init                                 0x0800e9fb   Thumb Code    10  fpinit.o(x$fpl$fpinit)
    __fplib_config_fpu_vfp                   0x0800ea03   Thumb Code     0  fpinit.o(x$fpl$fpinit)
    __fplib_config_pureend_doubles           0x0800ea03   Thumb Code     0  fpinit.o(x$fpl$fpinit)
    __fpl_fretinf                            0x0800ea05   Thumb Code    10  fretinf.o(x$fpl$fretinf)
    __I$use$fp                               0x0800ea0e   Number         0  usenofp.o(x$fpl$usenofp)
    CRC8_INIT                                0x0800ea24   Data           1  crc.o(.constdata)
    CRC8_TAB                                 0x0800ea25   Data         256  crc.o(.constdata)
    wCRC_Table                               0x0800eb26   Data         512  crc.o(.constdata)
    __mathlib_zero                           0x0800ef48   Data           8  qnan.o(.constdata)
    Region$$Table$$Base                      0x0800f060   Number         0  anon$$obj.o(Region$$Table)
    Region$$Table$$Limit                     0x0800f080   Number         0  anon$$obj.o(Region$$Table)
    SystemCoreClock                          0x20000000   Data           4  system_stm32f4xx.o(.data)
    AHBPrescTable                            0x20000004   Data          16  system_stm32f4xx.o(.data)
    Res                                      0x20000028   Data           1  usart.o(.data)
    aa                                       0x2000002a   Data           1  usart.o(.data)
    __stdout                                 0x2000002c   Data           4  usart.o(.data)
    cnt                                      0x20000030   Data           5  can1.o(.data)
    old_angle                                0x20000036   Data           8  can1.o(.data)
    Real_power                               0x20000040   Data           4  can1.o(.data)
    Real_voltage                             0x20000044   Data           4  can1.o(.data)
    Real_current                             0x20000048   Data           4  can1.o(.data)
    Q                                        0x2000004c   Data           4  can1.o(.data)
    R                                        0x20000050   Data           4  can1.o(.data)
    variance_kalman                          0x20000054   Data          32  can1.o(.data)
    vision_error                             0x20000074   Data           4  can2.o(.data)
    Vision_Data                              0x20000078   Data           3  can2.o(.data)
    MPU_id                                   0x2000007b   Data           1  mpu6500.o(.data)
    failsafe_flag                            0x20000081   Data           1  remotecontrol.o(.data)
    bullet_speed_last                        0x20000088   Data           4  comm_umpire.o(.data)
    bullet_speed                             0x2000008c   Data           4  comm_umpire.o(.data)
    offline_flag                             0x20000090   Data           4  comm_umpire.o(.data)
    CRC_8                                    0x20000094   Data           1  comm_umpire.o(.data)
    CRC_16                                   0x20000096   Data           2  comm_umpire.o(.data)
    CRC_INIT                                 0x20000098   Data           2  crc.o(.data)
    ex1                                      0x2000009c   Data           1  usart_senddata.o(.data)
    ex2                                      0x2000009d   Data           1  usart_senddata.o(.data)
    Judge_Self_ID                            0x2000009e   Data           1  usart_senddata.o(.data)
    Judge_SelfClient_ID                      0x200000a0   Data           2  usart_senddata.o(.data)
    Color                                    0x200000a2   Data           1  usart_senddata.o(.data)
    start_cnt                                0x200000a4   Data           4  usart_senddata.o(.data)
    SpinTop_Flag_cnt                         0x200000a8   Data           4  usart_senddata.o(.data)
    Vision_Flag_cnt                          0x200000ac   Data           4  usart_senddata.o(.data)
    Fire_Mode_cnt                            0x200000b0   Data           4  usart_senddata.o(.data)
    Chassis_Mode_cnt                         0x200000b4   Data           4  usart_senddata.o(.data)
    Stronghold_Flag_cnt                      0x200000b8   Data           4  usart_senddata.o(.data)
    tx2_data                                 0x200000bc   Data           3  usart_senddata.o(.data)
    fri_out                                  0x200000c0   Data           4  ctrl_gimbal.o(.data)
    fri_out1                                 0x200000c4   Data           4  ctrl_gimbal.o(.data)
    fri_max_value                            0x200000c8   Data           4  ctrl_gimbal.o(.data)
    speed_17mm_level                         0x200000cc   Data           4  ctrl_gimbal.o(.data)
    Fri_Left                                 0x200000d0   Data           4  ctrl_gimbal.o(.data)
    Fri_Right                                0x200000d4   Data           4  ctrl_gimbal.o(.data)
    angleYaw                                 0x200000d8   Data           4  ctrl_gimbal.o(.data)
    E_yaw                                    0x200000dc   Data           4  ctrl_gimbal.o(.data)
    T_yaw                                    0x200000e0   Data           4  ctrl_gimbal.o(.data)
    Yaw_AnglePid_i                           0x200000e4   Data           4  ctrl_gimbal.o(.data)
    angle_output1                            0x200000e8   Data           4  ctrl_gimbal.o(.data)
    gryoYaw                                  0x200000ec   Data           4  ctrl_gimbal.o(.data)
    gryoPITCH                                0x200000f0   Data           4  ctrl_gimbal.o(.data)
    Yaw_Encode_Angle                         0x200000f4   Data           4  ctrl_gimbal.o(.data)
    Pitch_Encode_Angle                       0x200000f8   Data           4  ctrl_gimbal.o(.data)
    Yaw_Angle_Output                         0x200000fc   Data           4  ctrl_gimbal.o(.data)
    Target_Yaw                               0x20000100   Data           4  ctrl_gimbal.o(.data)
    Yaw_Prev_Angle                           0x20000104   Data           4  ctrl_gimbal.o(.data)
    pitch_moto_current_final                 0x20000108   Data           2  ctrl_gimbal.o(.data)
    Yaw_PID_current                          0x2000010a   Data           2  ctrl_gimbal.o(.data)
    yaw_moto_current_final                   0x2000010c   Data           2  ctrl_gimbal.o(.data)
    rev_count                                0x20000110   Data           4  ctrl_gimbal.o(.data)
    Yaw_Encode_Angle_jscope                  0x20000114   Data           4  ctrl_gimbal.o(.data)
    gryoYaw_jscope                           0x20000118   Data           4  ctrl_gimbal.o(.data)
    Pitch_angle_pid_Control_OutPut           0x2000011c   Data           4  ctrl_gimbal.o(.data)
    yawcnt                                   0x200001e0   Data           4  higher_class.o(.data)
    imu_yaw1                                 0x200001e4   Data           4  higher_class.o(.data)
    Twist_buff                               0x200001e8   Data           4  higher_class.o(.data)
    SpinTop_buff                             0x200001ec   Data           4  higher_class.o(.data)
    SpinTop_timecount                        0x200001f0   Data           4  higher_class.o(.data)
    PowerLimit_Flag                          0x200001f4   Data           1  higher_class.o(.data)
    Can_Msg_Power                            0x200001f6   Data           2  higher_class.o(.data)
    speed_zoom_double                        0x200001f8   Data           4  higher_class.o(.data)
    speed_zoom_init                          0x200001fc   Data           4  higher_class.o(.data)
    speed_zoom_initmin                       0x20000200   Data           4  higher_class.o(.data)
    power_send_flag                          0x20000204   Data           4  higher_class.o(.data)
    power_send_flag0                         0x20000208   Data           4  higher_class.o(.data)
    power_send_flag1                         0x2000020c   Data           4  higher_class.o(.data)
    power_send_flag2                         0x20000210   Data           4  higher_class.o(.data)
    power_send_flag3                         0x20000214   Data           4  higher_class.o(.data)
    hp_send_flag                             0x20000218   Data           4  higher_class.o(.data)
    hp_send_flag1                            0x2000021c   Data           4  higher_class.o(.data)
    hp_send_flag2                            0x20000220   Data           4  higher_class.o(.data)
    hp_send_flag3                            0x20000224   Data           4  higher_class.o(.data)
    Chassis_Maxspeed_Level                   0x20000228   Data           4  higher_class.o(.data)
    Chassis_Maxspeed_Level_last              0x2000022c   Data           4  higher_class.o(.data)
    Chassis_Maxspeed_Warning_Flag1           0x20000230   Data           4  higher_class.o(.data)
    Chassis_Maxspeed_Warning_Flag2           0x20000234   Data           4  higher_class.o(.data)
    Chassis_Maxspeed_Warning_Flag3           0x20000238   Data           4  higher_class.o(.data)
    MAX_VX                                   0x2000023c   Data           4  higher_class.o(.data)
    MAX_VY                                   0x20000240   Data           4  higher_class.o(.data)
    MAX_WZ                                   0x20000244   Data           4  higher_class.o(.data)
    vision_yaw_angle_target                  0x20000248   Data           4  higher_class.o(.data)
    vision_yaw_angle_target_last             0x2000024c   Data           4  higher_class.o(.data)
    vision_pitch_angle_target                0x20000250   Data           4  higher_class.o(.data)
    vision_pitch_angle_target_last           0x20000254   Data           4  higher_class.o(.data)
    vision_run_time                          0x20000258   Data           4  higher_class.o(.data)
    vision_run_fps                           0x2000025c   Data           4  higher_class.o(.data)
    armor_speed                              0x20000260   Data           4  higher_class.o(.data)
    armor_speed_last                         0x20000264   Data           4  higher_class.o(.data)
    armor_angle                              0x20000268   Data           4  higher_class.o(.data)
    armor_angle_forcast                      0x2000026c   Data           4  higher_class.o(.data)
    armor_angle_forcast1                     0x20000270   Data           4  higher_class.o(.data)
    bFilterInit                              0x200002bc   Data           1  imu.o(.data)
    imu_last                                 0x200002c0   Data           4  imu.o(.data)
    pitch                                    0x200002c4   Data           4  imu.o(.data)
    roll                                     0x200002c8   Data           4  imu.o(.data)
    yaw                                      0x200002cc   Data           4  imu.o(.data)
    aacx                                     0x200002d0   Data           2  imu.o(.data)
    aacy                                     0x200002d2   Data           2  imu.o(.data)
    aacz                                     0x200002d4   Data           2  imu.o(.data)
    gyrox                                    0x200002d6   Data           2  imu.o(.data)
    gyroy                                    0x200002d8   Data           2  imu.o(.data)
    gyroz                                    0x200002da   Data           2  imu.o(.data)
    SpinTop_Flag                             0x200002e8   Data           1  user_api.o(.data)
    SpinTop_Direction                        0x200002ec   Data           4  user_api.o(.data)
    Twist_Flag                               0x200002f0   Data           1  user_api.o(.data)
    Vision_Flag                              0x200002f1   Data           1  user_api.o(.data)
    Gimbal_180_flag                          0x200002f2   Data           1  user_api.o(.data)
    Stronghold_flag                          0x200002f3   Data           1  user_api.o(.data)
    Inverse_flag                             0x200002f4   Data           1  user_api.o(.data)
    speed_17mm_level_Start_Flag              0x200002f5   Data           1  user_api.o(.data)
    Fire_Loading_Flag                        0x200002f6   Data           1  user_api.o(.data)
    Fire_Loading_End_Flag                    0x200002f7   Data           1  user_api.o(.data)
    Chassismode_flag                         0x200002f8   Data           4  user_api.o(.data)
    Gimbalmode_flag                          0x200002fc   Data           4  user_api.o(.data)
    TwistCnt                                 0x20000300   Data           1  user_api.o(.data)
    Inverse_cnt                              0x20000301   Data           1  user_api.o(.data)
    Stronghold_resist_cnt                    0x20000302   Data           1  user_api.o(.data)
    SpinTop_cnt                              0x20000303   Data           1  user_api.o(.data)
    SpinTop_close_cnt                        0x20000304   Data           1  user_api.o(.data)
    speed_17mm_level_Close_Cnt               0x20000305   Data           1  user_api.o(.data)
    speed_17mm_level_Start_Cnt               0x20000306   Data           1  user_api.o(.data)
    Shoot_mode_cnt                           0x20000307   Data           1  user_api.o(.data)
    Chassis_mode_cnt                         0x20000308   Data           1  user_api.o(.data)
    Fire_Loading_Cnt                         0x20000309   Data           1  user_api.o(.data)
    Fire_Loading_End_Cnt                     0x2000030a   Data           1  user_api.o(.data)
    Target_chassis_power                     0x2000030c   Data           2  user_api.o(.data)
    VerticalCnt                              0x20000310   Data           4  user_api.o(.data)
    HorizontalCnt                            0x20000314   Data           4  user_api.o(.data)
    Ramp_K                                   0x20000318   Data           4  user_api.o(.data)
    Wz_increasing                            0x2000031c   Data           4  user_api.o(.data)
    PC_Speed_Vx                              0x20000320   Data           4  user_api.o(.data)
    PC_Speed_Vy                              0x20000324   Data           4  user_api.o(.data)
    speed_zoom                               0x20000328   Data           4  user_api.o(.data)
    Chassis_mode                             0x2000032c   Data           1  user_api.o(.data)
    Heatmax                                  0x20000330   Data           4  user_api.o(.data)
    Shootnumber                              0x20000334   Data           4  user_api.o(.data)
    SafeHeatflag                             0x20000338   Data           4  user_api.o(.data)
    Shootnumber_fired                        0x2000033c   Data           4  user_api.o(.data)
    cycle_time                               0x20000340   Data           4  user_api.o(.data)
    Shootnumber_limit                        0x20000344   Data           4  user_api.o(.data)
    PID_YAW_SPEED_KP                         0x20000348   Data           4  pid.o(.data)
    PID_YAW_SPEED_KI                         0x2000034c   Data           4  pid.o(.data)
    PID_YAW_SPEED_KD                         0x20000350   Data           4  pid.o(.data)
    PID_YAW_ANGLE_KP                         0x20000354   Data           4  pid.o(.data)
    PID_YAW_ANGLE_KI                         0x20000358   Data           4  pid.o(.data)
    PID_YAW_ANGLE_KD                         0x2000035c   Data           4  pid.o(.data)
    PID_PITCH_SPEED_KP                       0x20000360   Data           4  pid.o(.data)
    PID_PITCH_SPEED_KI                       0x20000364   Data           4  pid.o(.data)
    PID_PITCH_SPEED_KD                       0x20000368   Data           4  pid.o(.data)
    PID_PITCH_ANGLE_KP                       0x2000036c   Data           4  pid.o(.data)
    PID_PITCH_ANGLE_KI                       0x20000370   Data           4  pid.o(.data)
    PID_PITCH_ANGLE_KD                       0x20000374   Data           4  pid.o(.data)
    Control_Device_Div_LPF_Parameter         0x20000378   Data          24  pid.o(.data)
    Control_Device_Err_LPF_Parameter         0x20000390   Data          24  pid.o(.data)
    Fire_mode                                0x200003a8   Data           1  ctrl_shoot.o(.data)
    trigger_moto_speed_ref2                  0x200003aa   Data           2  ctrl_shoot.o(.data)
    trigger_moto_current                     0x200003ac   Data           2  ctrl_shoot.o(.data)
    trigger_moto_position_ref2               0x200003b0   Data           4  ctrl_shoot.o(.data)
    block_flag                               0x200003b4   Data           4  ctrl_shoot.o(.data)
    block_time                               0x200003b8   Data           4  ctrl_shoot.o(.data)
    blockruntime                             0x200003bc   Data           4  ctrl_shoot.o(.data)
    block_flag1                              0x200003c0   Data           4  ctrl_shoot.o(.data)
    block_time1                              0x200003c4   Data           4  ctrl_shoot.o(.data)
    blockruntime1                            0x200003c8   Data           4  ctrl_shoot.o(.data)
    time                                     0x200003cc   Data           4  ctrl_shoot.o(.data)
    single_flag                              0x200003d0   Data           4  ctrl_shoot.o(.data)
    continue_flag                            0x200003d4   Data           4  ctrl_shoot.o(.data)
    trigger_motor_key_time                   0x200003d8   Data           4  ctrl_shoot.o(.data)
    Butten_Trig_Pin_flag                     0x200003dc   Data           4  ctrl_shoot.o(.data)
    StartTask_Handler                        0x200003e0   Data           4  start_task.o(.data)
    FRT_USART_DATA_CtrlTask_Handler          0x200003e4   Data           4  start_task.o(.data)
    FRT_Inverse_Kinematic_CtrlTask_Handler   0x200003e8   Data           4  start_task.o(.data)
    FRT_Gimbal_CtrlTask_Handler              0x200003ec   Data           4  start_task.o(.data)
    FRT_IMU_task_Handler                     0x200003f0   Data           4  start_task.o(.data)
    sysTickUptime                            0x200003f8   Data           4  stm32f4xx_it.o(.data)
    pxCurrentTCB                             0x200003fc   Data           4  tasks.o(.data)
    Rx_Cache                                 0x20000470   Data         200  usart.o(.bss)
    Rx_Visual                                0x20000538   Data          14  usart.o(.bss)
    motor_data                               0x20000548   Data         140  can1.o(.bss)
    PowerData                                0x200005d4   Data          16  can1.o(.bss)
    old_kalman                               0x200005e4   Data          32  can1.o(.bss)
    motor2_data                              0x20000604   Data          60  can2.o(.bss)
    imu                                      0x20000640   Data         272  mpu6500.o(.bss)
    sbus_rx_buffer                           0x20000750   Data          25  remotecontrol.o(.bss)
    RC_Ctl                                   0x20000769   Data          41  remotecontrol.o(.bss)
    Rx_buffer                                0x20000792   Data         200  comm_umpire.o(.bss)
    SendBuff                                 0x2000085a   Data         200  comm_umpire.o(.bss)
    Game_robot_state                         0x20000922   Data          27  comm_umpire.o(.bss)
    Umpire_PowerHeat                         0x2000093d   Data          16  comm_umpire.o(.bss)
    Frame                                    0x2000094d   Data           9  comm_umpire.o(.bss)
    CliendTxBuffer_graphic                   0x20000956   Data         200  usart_senddata.o(.bss)
    CliendTxBuffer_number                    0x20000a1e   Data         200  usart_senddata.o(.bss)
    CliendTxBuffer_character                 0x20000ae6   Data         200  usart_senddata.o(.bss)
    graphic                                  0x20000bae   Data         120  usart_senddata.o(.bss)
    number                                   0x20000c26   Data          45  usart_senddata.o(.bss)
    character                                0x20000c53   Data          60  usart_senddata.o(.bss)
    SpinTop                                  0x20000c90   Data          24  ctrl_chassis.o(.bss)
    Control_data                             0x20000cf0   Data          24  user_api.o(.bss)
    vision_yaw_speed_pid                     0x20000d08   Data         128  pid.o(.bss)
    vision_yaw_angle_pid                     0x20000d88   Data         128  pid.o(.bss)
    vision_pitch_speed_pid                   0x20000e08   Data         128  pid.o(.bss)
    vision_pitch_angle_pid                   0x20000e88   Data         128  pid.o(.bss)
    motor_speed_pid                          0x20000f08   Data         512  pid.o(.bss)
    Yaw_speed_pid                            0x20001108   Data         128  pid.o(.bss)
    Yaw_pid                                  0x20001188   Data         128  pid.o(.bss)
    Pitch_speed_pid                          0x20001208   Data         128  pid.o(.bss)
    Pitch_angle_pid                          0x20001288   Data         128  pid.o(.bss)
    Fire_speed_pid                           0x20001308   Data         128  pid.o(.bss)
    Fire_pid                                 0x20001388   Data         128  pid.o(.bss)
    Power_Limit_pid                          0x20001408   Data         128  pid.o(.bss)
    Fric_Wheel_pid                           0x20001488   Data         256  pid.o(.bss)
    Vision_kalman_x                          0x20001588   Data          72  kalman.o(.bss)
    Vision_kalman_x1                         0x200015d0   Data          72  kalman.o(.bss)
    Vision_kalman_x2                         0x20001618   Data          72  kalman.o(.bss)
    Vision_kalman_y                          0x20001660   Data          72  kalman.o(.bss)
    Vision_kalman2_x                         0x200016a8   Data          72  kalman.o(.bss)
    Vision_kalman2_x1                        0x200016f0   Data          72  kalman.o(.bss)
    xQueueRegistry                           0x20001738   Data          64  queue.o(.bss)
    __libspace_start                         0x20014468   Data          96  libspace.o(.bss)
    __temporary_stack_top$libspace           0x200144c8   Data           0  libspace.o(.bss)



==============================================================================

Memory Map of the image

  Image Entry point : 0x080001ad

  Load Region LR_IROM1 (Base: 0x08000000, Size: 0x0000f4f0, Max: 0x00200000, ABSOLUTE, COMPRESSED[0x0000f11c])

    Execution Region ER_IROM1 (Exec base: 0x08000000, Load base: 0x08000000, Size: 0x0000f080, Max: 0x00200000, ABSOLUTE)

    Exec Addr    Load Addr    Size         Type   Attr      Idx    E Section Name        Object

    0x08000000   0x08000000   0x000001ac   Data   RO            3    RESET               startup_stm32f427xx.o
    0x080001ac   0x080001ac   0x00000008   Code   RO         6661  * !!!main             c_w.l(__main.o)
    0x080001b4   0x080001b4   0x00000034   Code   RO         7109    !!!scatter          c_w.l(__scatter.o)
    0x080001e8   0x080001e8   0x0000005a   Code   RO         7107    !!dczerorl2         c_w.l(__dczerorl2.o)
    0x08000242   0x08000242   0x00000002   PAD
    0x08000244   0x08000244   0x0000001c   Code   RO         7111    !!handler_zi        c_w.l(__scatter_zi.o)
    0x08000260   0x08000260   0x00000000   Code   RO         6650    .ARM.Collect$$_printf_percent$$00000000  c_w.l(_printf_percent.o)
    0x08000260   0x08000260   0x00000004   Code   RO         6830    .ARM.Collect$$_printf_percent$$00000017  c_w.l(_printf_percent_end.o)
    0x08000264   0x08000264   0x00000002   Code   RO         6976    .ARM.Collect$$libinit$$00000000  c_w.l(libinit.o)
    0x08000266   0x08000266   0x00000004   Code   RO         6983    .ARM.Collect$$libinit$$00000001  c_w.l(libinit2.o)
    0x0800026a   0x0800026a   0x00000000   Code   RO         6986    .ARM.Collect$$libinit$$00000004  c_w.l(libinit2.o)
    0x0800026a   0x0800026a   0x00000000   Code   RO         6989    .ARM.Collect$$libinit$$0000000A  c_w.l(libinit2.o)
    0x0800026a   0x0800026a   0x00000000   Code   RO         6991    .ARM.Collect$$libinit$$0000000C  c_w.l(libinit2.o)
    0x0800026a   0x0800026a   0x00000000   Code   RO         6993    .ARM.Collect$$libinit$$0000000E  c_w.l(libinit2.o)
    0x0800026a   0x0800026a   0x00000000   Code   RO         6996    .ARM.Collect$$libinit$$00000011  c_w.l(libinit2.o)
    0x0800026a   0x0800026a   0x00000000   Code   RO         6998    .ARM.Collect$$libinit$$00000013  c_w.l(libinit2.o)
    0x0800026a   0x0800026a   0x00000000   Code   RO         7000    .ARM.Collect$$libinit$$00000015  c_w.l(libinit2.o)
    0x0800026a   0x0800026a   0x00000000   Code   RO         7002    .ARM.Collect$$libinit$$00000017  c_w.l(libinit2.o)
    0x0800026a   0x0800026a   0x00000000   Code   RO         7004    .ARM.Collect$$libinit$$00000019  c_w.l(libinit2.o)
    0x0800026a   0x0800026a   0x00000000   Code   RO         7006    .ARM.Collect$$libinit$$0000001B  c_w.l(libinit2.o)
    0x0800026a   0x0800026a   0x00000000   Code   RO         7008    .ARM.Collect$$libinit$$0000001D  c_w.l(libinit2.o)
    0x0800026a   0x0800026a   0x00000000   Code   RO         7010    .ARM.Collect$$libinit$$0000001F  c_w.l(libinit2.o)
    0x0800026a   0x0800026a   0x00000000   Code   RO         7012    .ARM.Collect$$libinit$$00000021  c_w.l(libinit2.o)
    0x0800026a   0x0800026a   0x00000000   Code   RO         7014    .ARM.Collect$$libinit$$00000023  c_w.l(libinit2.o)
    0x0800026a   0x0800026a   0x00000000   Code   RO         7016    .ARM.Collect$$libinit$$00000025  c_w.l(libinit2.o)
    0x0800026a   0x0800026a   0x00000000   Code   RO         7020    .ARM.Collect$$libinit$$0000002C  c_w.l(libinit2.o)
    0x0800026a   0x0800026a   0x00000000   Code   RO         7022    .ARM.Collect$$libinit$$0000002E  c_w.l(libinit2.o)
    0x0800026a   0x0800026a   0x00000000   Code   RO         7024    .ARM.Collect$$libinit$$00000030  c_w.l(libinit2.o)
    0x0800026a   0x0800026a   0x00000000   Code   RO         7026    .ARM.Collect$$libinit$$00000032  c_w.l(libinit2.o)
    0x0800026a   0x0800026a   0x00000002   Code   RO         7027    .ARM.Collect$$libinit$$00000033  c_w.l(libinit2.o)
    0x0800026c   0x0800026c   0x00000002   Code   RO         7055    .ARM.Collect$$libshutdown$$00000000  c_w.l(libshutdown.o)
    0x0800026e   0x0800026e   0x00000000   Code   RO         7069    .ARM.Collect$$libshutdown$$00000002  c_w.l(libshutdown2.o)
    0x0800026e   0x0800026e   0x00000000   Code   RO         7071    .ARM.Collect$$libshutdown$$00000004  c_w.l(libshutdown2.o)
    0x0800026e   0x0800026e   0x00000000   Code   RO         7073    .ARM.Collect$$libshutdown$$00000006  c_w.l(libshutdown2.o)
    0x0800026e   0x0800026e   0x00000000   Code   RO         7076    .ARM.Collect$$libshutdown$$00000009  c_w.l(libshutdown2.o)
    0x0800026e   0x0800026e   0x00000000   Code   RO         7079    .ARM.Collect$$libshutdown$$0000000C  c_w.l(libshutdown2.o)
    0x0800026e   0x0800026e   0x00000000   Code   RO         7081    .ARM.Collect$$libshutdown$$0000000E  c_w.l(libshutdown2.o)
    0x0800026e   0x0800026e   0x00000000   Code   RO         7084    .ARM.Collect$$libshutdown$$00000011  c_w.l(libshutdown2.o)
    0x0800026e   0x0800026e   0x00000002   Code   RO         7085    .ARM.Collect$$libshutdown$$00000012  c_w.l(libshutdown2.o)
    0x08000270   0x08000270   0x00000000   Code   RO         6821    .ARM.Collect$$rtentry$$00000000  c_w.l(__rtentry.o)
    0x08000270   0x08000270   0x00000000   Code   RO         6929    .ARM.Collect$$rtentry$$00000002  c_w.l(__rtentry2.o)
    0x08000270   0x08000270   0x00000006   Code   RO         6941    .ARM.Collect$$rtentry$$00000004  c_w.l(__rtentry4.o)
    0x08000276   0x08000276   0x00000000   Code   RO         6931    .ARM.Collect$$rtentry$$00000009  c_w.l(__rtentry2.o)
    0x08000276   0x08000276   0x00000004   Code   RO         6932    .ARM.Collect$$rtentry$$0000000A  c_w.l(__rtentry2.o)
    0x0800027a   0x0800027a   0x00000000   Code   RO         6934    .ARM.Collect$$rtentry$$0000000C  c_w.l(__rtentry2.o)
    0x0800027a   0x0800027a   0x00000008   Code   RO         6935    .ARM.Collect$$rtentry$$0000000D  c_w.l(__rtentry2.o)
    0x08000282   0x08000282   0x00000002   Code   RO         6977    .ARM.Collect$$rtexit$$00000000  c_w.l(rtexit.o)
    0x08000284   0x08000284   0x00000000   Code   RO         7029    .ARM.Collect$$rtexit$$00000002  c_w.l(rtexit2.o)
    0x08000284   0x08000284   0x00000004   Code   RO         7030    .ARM.Collect$$rtexit$$00000003  c_w.l(rtexit2.o)
    0x08000288   0x08000288   0x00000006   Code   RO         7031    .ARM.Collect$$rtexit$$00000004  c_w.l(rtexit2.o)
    0x0800028e   0x0800028e   0x00000002   PAD
    0x08000290   0x08000290   0x000000b6   Code   RO         6467    .emb_text           port.o
    0x08000346   0x08000346   0x00000002   PAD
    0x08000348   0x08000348   0x00000040   Code   RO            4    .text               startup_stm32f427xx.o
    0x08000388   0x08000388   0x00000018   Code   RO         6599    .text               c_w.l(noretval__2printf.o)
    0x080003a0   0x080003a0   0x00000138   Code   RO         6640    .text               c_w.l(__printf_flags_wp.o)
    0x080004d8   0x080004d8   0x0000008a   Code   RO         6653    .text               c_w.l(rt_memcpy_v6.o)
    0x08000562   0x08000562   0x00000064   Code   RO         6655    .text               c_w.l(rt_memcpy_w.o)
    0x080005c6   0x080005c6   0x00000010   Code   RO         6657    .text               c_w.l(aeabi_memset.o)
    0x080005d6   0x080005d6   0x00000006   Code   RO         6659    .text               c_w.l(heapauxi.o)
    0x080005dc   0x080005dc   0x00000016   Code   RO         6824    .text               c_w.l(_rserrno.o)
    0x080005f2   0x080005f2   0x00000002   PAD
    0x080005f4   0x080005f4   0x00000024   Code   RO         6828    .text               c_w.l(_printf_char_file.o)
    0x08000618   0x08000618   0x00000044   Code   RO         6831    .text               c_w.l(rt_memclr.o)
    0x0800065c   0x0800065c   0x00000008   Code   RO         6950    .text               c_w.l(rt_errno_addr_intlibspace.o)
    0x08000664   0x08000664   0x00000030   Code   RO         6952    .text               c_w.l(_printf_char_common.o)
    0x08000694   0x08000694   0x00000008   Code   RO         6954    .text               c_w.l(ferror.o)
    0x0800069c   0x0800069c   0x0000004e   Code   RO         6958    .text               c_w.l(rt_memclr_w.o)
    0x080006ea   0x080006ea   0x00000002   PAD
    0x080006ec   0x080006ec   0x00000008   Code   RO         6960    .text               c_w.l(libspace.o)
    0x080006f4   0x080006f4   0x0000004a   Code   RO         6963    .text               c_w.l(sys_stackheap_outer.o)
    0x0800073e   0x0800073e   0x00000012   Code   RO         6969    .text               c_w.l(exit.o)
    0x08000750   0x08000750   0x00000158   Code   RO         3351    i.Angle_deal        can1.o
    0x080008a8   0x080008a8   0x00000028   Code   RO         3912    i.Append_CRC16_Check_Sum  crc.o
    0x080008d0   0x080008d0   0x00000024   Code   RO         3913    i.Append_CRC8_Check_Sum  crc.o
    0x080008f4   0x080008f4   0x000000a8   Code   RO         5504    i.BSP_init          main.o
    0x0800099c   0x0800099c   0x00000004   Code   RO         5541    i.BusFault_Handler  stm32f4xx_it.o
    0x080009a0   0x080009a0   0x00000100   Code   RO         3352    i.CAN1_Configuration  can1.o
    0x08000aa0   0x08000aa0   0x000003ac   Code   RO         3353    i.CAN1_RX0_IRQHandler  can1.o
    0x08000e4c   0x08000e4c   0x00000054   Code   RO         3354    i.CAN1_SendCommand_Powerlimit  can1.o
    0x08000ea0   0x08000ea0   0x0000008c   Code   RO         3355    i.CAN1_SendCommand_chassis  can1.o
    0x08000f2c   0x08000f2c   0x00000098   Code   RO         3356    i.CAN1_Send_Msg_gimbal  can1.o
    0x08000fc4   0x08000fc4   0x0000010c   Code   RO         3427    i.CAN2_Configuration  can2.o
    0x080010d0   0x080010d0   0x000000f8   Code   RO         3428    i.CAN2_RX0_IRQHandler  can2.o
    0x080011c8   0x080011c8   0x00000064   Code   RO         3430    i.CAN2_Send_Msg_Shoot  can2.o
    0x0800122c   0x0800122c   0x00000054   Code   RO         3431    i.CAN2_Send_Msg_gimbal  can2.o
    0x08001280   0x08001280   0x00000038   Code   RO          469    i.CAN_ClearFlag     stm32f4xx_can.o
    0x080012b8   0x080012b8   0x000000a8   Code   RO          470    i.CAN_ClearITPendingBit  stm32f4xx_can.o
    0x08001360   0x08001360   0x00000038   Code   RO          472    i.CAN_DeInit        stm32f4xx_can.o
    0x08001398   0x08001398   0x00000108   Code   RO          474    i.CAN_FilterInit    stm32f4xx_can.o
    0x080014a0   0x080014a0   0x00000120   Code   RO          476    i.CAN_GetITStatus   stm32f4xx_can.o
    0x080015c0   0x080015c0   0x00000012   Code   RO          480    i.CAN_ITConfig      stm32f4xx_can.o
    0x080015d2   0x080015d2   0x00000114   Code   RO          481    i.CAN_Init          stm32f4xx_can.o
    0x080016e6   0x080016e6   0x000000f0   Code   RO          484    i.CAN_Receive       stm32f4xx_can.o
    0x080017d6   0x080017d6   0x00000020   Code   RO          487    i.CAN_StructInit    stm32f4xx_can.o
    0x080017f6   0x080017f6   0x00000126   Code   RO          489    i.CAN_Transmit      stm32f4xx_can.o
    0x0800191c   0x0800191c   0x000000a0   Code   RO          490    i.CAN_TransmitStatus  stm32f4xx_can.o
    0x080019bc   0x080019bc   0x000000e4   Code   RO         5093    i.Cap_limit_Decision  higher_class.o
    0x08001aa0   0x08001aa0   0x00000308   Code   RO         5094    i.Chassis_Maxspeed_ctrl  higher_class.o
    0x08001da8   0x08001da8   0x000000b8   Code   RO         5095    i.Chassis_Power_Limit  higher_class.o
    0x08001e60   0x08001e60   0x00000012   Code   RO          492    i.CheckITStatus     stm32f4xx_can.o
    0x08001e72   0x08001e72   0x00000002   PAD
    0x08001e74   0x08001e74   0x00000120   Code   RO         3832    i.Comm_umpire_Init  comm_umpire.o
    0x08001f94   0x08001f94   0x00000028   Code   RO         4897    i.Control_on_off_friction_wheel  ctrl_gimbal.o
    0x08001fbc   0x08001fbc   0x0000002c   Code   RO         3701    i.DMA2_Stream5_IRQHandler  remotecontrol.o
    0x08001fe8   0x08001fe8   0x00000034   Code   RO          675    i.DMA_ClearFlag     stm32f4xx_dma.o
    0x0800201c   0x0800201c   0x00000034   Code   RO          676    i.DMA_ClearITPendingBit  stm32f4xx_dma.o
    0x08002050   0x08002050   0x00000016   Code   RO          677    i.DMA_Cmd           stm32f4xx_dma.o
    0x08002066   0x08002066   0x00000002   PAD
    0x08002068   0x08002068   0x00000158   Code   RO          678    i.DMA_DeInit        stm32f4xx_dma.o
    0x080021c0   0x080021c0   0x00000008   Code   RO          683    i.DMA_GetCurrDataCounter  stm32f4xx_dma.o
    0x080021c8   0x080021c8   0x00000044   Code   RO          686    i.DMA_GetFlagStatus  stm32f4xx_dma.o
    0x0800220c   0x0800220c   0x0000003a   Code   RO          688    i.DMA_ITConfig      stm32f4xx_dma.o
    0x08002246   0x08002246   0x00000002   PAD
    0x08002248   0x08002248   0x00000058   Code   RO          689    i.DMA_Init          stm32f4xx_dma.o
    0x080022a0   0x080022a0   0x00000004   Code   RO          692    i.DMA_SetCurrDataCounter  stm32f4xx_dma.o
    0x080022a4   0x080022a4   0x00000264   Code   RO         3833    i.DealDataPack      comm_umpire.o
    0x08002508   0x08002508   0x00000002   Code   RO         5542    i.DebugMon_Handler  stm32f4xx_it.o
    0x0800250a   0x0800250a   0x00000068   Code   RO         5411    i.Encode_C          ctrl_shoot.o
    0x08002572   0x08002572   0x00000002   PAD
    0x08002574   0x08002574   0x000000f8   Code   RO         4898    i.Encoder_angle_Handle  ctrl_gimbal.o
    0x0800266c   0x0800266c   0x00000058   Code   RO         4899    i.FRT_Gimbal_Ctrl   ctrl_gimbal.o
    0x080026c4   0x080026c4   0x0000001a   Code   RO         5168    i.FRT_IMU           imu.o
    0x080026de   0x080026de   0x00000002   PAD
    0x080026e0   0x080026e0   0x00000054   Code   RO         4812    i.FRT_Inverse_Kinematic_Ctrl  ctrl_chassis.o
    0x08002734   0x08002734   0x0000001c   Code   RO         4671    i.FRT_USART_DATA_Ctrl  usart_senddata.o
    0x08002750   0x08002750   0x00000090   Code   RO         1120    i.GPIO_Init         stm32f4xx_gpio.o
    0x080027e0   0x080027e0   0x00000046   Code   RO         1121    i.GPIO_PinAFConfig  stm32f4xx_gpio.o
    0x08002826   0x08002826   0x00000004   Code   RO         1127    i.GPIO_ResetBits    stm32f4xx_gpio.o
    0x0800282a   0x0800282a   0x00000004   Code   RO         1128    i.GPIO_SetBits      stm32f4xx_gpio.o
    0x0800282e   0x0800282e   0x00000002   PAD
    0x08002830   0x08002830   0x0000002c   Code   RO         3914    i.Get_CRC16_Check_Sum  crc.o
    0x0800285c   0x0800285c   0x00000024   Code   RO         3915    i.Get_CRC8_Check_Sum  crc.o
    0x08002880   0x08002880   0x00000100   Code   RO         3703    i.Get_RC_Data       remotecontrol.o
    0x08002980   0x08002980   0x00000144   Code   RO         3834    i.Get_UmpireData    comm_umpire.o
    0x08002ac4   0x08002ac4   0x00000068   Code   RO         3230    i.Get_VisualData    usart.o
    0x08002b2c   0x08002b2c   0x0000007c   Code   RO         4900    i.Gimbal_Ctrl       ctrl_gimbal.o
    0x08002ba8   0x08002ba8   0x00000018   Code   RO         4901    i.Gimbal_Init       ctrl_gimbal.o
    0x08002bc0   0x08002bc0   0x00000004   Code   RO         5543    i.HardFault_Handler  stm32f4xx_it.o
    0x08002bc4   0x08002bc4   0x000004ac   Code   RO         5169    i.IMUSO3Thread      imu.o
    0x08003070   0x08003070   0x00000174   Code   RO         5170    i.IMU_Calibration   imu.o
    0x080031e4   0x080031e4   0x0000005c   Code   RO         3518    i.IMU_Init          mpu6500.o
    0x08003240   0x08003240   0x00000048   Code   RO         5171    i.IMU_Temp_Ctrl     imu.o
    0x08003288   0x08003288   0x00000428   Code   RO         4813    i.Inverse_Kinematic_Ctrl  ctrl_chassis.o
    0x080036b0   0x080036b0   0x0000011a   Code   RO         3704    i.KeyDataProcess    remotecontrol.o
    0x080037ca   0x080037ca   0x00000002   PAD
    0x080037cc   0x080037cc   0x00000064   Code   RO         3492    i.LED_Init          led.o
    0x08003830   0x08003830   0x000000e0   Code   RO         4994    i.LPF2pApply_1      filter.o
    0x08003910   0x08003910   0x000000e0   Code   RO         4995    i.LPF2pApply_2      filter.o
    0x080039f0   0x080039f0   0x000000e0   Code   RO         4996    i.LPF2pApply_3      filter.o
    0x08003ad0   0x08003ad0   0x000000e0   Code   RO         4997    i.LPF2pApply_4      filter.o
    0x08003bb0   0x08003bb0   0x000000e0   Code   RO         4998    i.LPF2pApply_5      filter.o
    0x08003c90   0x08003c90   0x000000e0   Code   RO         4999    i.LPF2pApply_6      filter.o
    0x08003d70   0x08003d70   0x00000110   Code   RO         5000    i.LPF2pSetCutoffFreq_1  filter.o
    0x08003e80   0x08003e80   0x00000110   Code   RO         5001    i.LPF2pSetCutoffFreq_2  filter.o
    0x08003f90   0x08003f90   0x00000110   Code   RO         5002    i.LPF2pSetCutoffFreq_3  filter.o
    0x080040a0   0x080040a0   0x00000110   Code   RO         5003    i.LPF2pSetCutoffFreq_4  filter.o
    0x080041b0   0x080041b0   0x00000110   Code   RO         5004    i.LPF2pSetCutoffFreq_5  filter.o
    0x080042c0   0x080042c0   0x00000110   Code   RO         5005    i.LPF2pSetCutoffFreq_6  filter.o
    0x080043d0   0x080043d0   0x0000004c   Code   RO         3522    i.MPU6050AccRead    mpu6500.o
    0x0800441c   0x0800441c   0x0000004c   Code   RO         3523    i.MPU6050GyroRead   mpu6500.o
    0x08004468   0x08004468   0x00000054   Code   RO         3524    i.MPU6500_Init      mpu6500.o
    0x080044bc   0x080044bc   0x00000044   Code   RO         3525    i.MPU6500_Read_Reg  mpu6500.o
    0x08004500   0x08004500   0x00000040   Code   RO         3527    i.MPU6500_Write_Reg  mpu6500.o
    0x08004540   0x08004540   0x00000004   Code   RO         5544    i.MemManage_Handler  stm32f4xx_it.o
    0x08004544   0x08004544   0x00000002   Code   RO         5545    i.NMI_Handler       stm32f4xx_it.o
    0x08004546   0x08004546   0x00000002   PAD
    0x08004548   0x08004548   0x00000078   Code   RO          156    i.NVIC_Init         misc.o
    0x080045c0   0x080045c0   0x00000014   Code   RO          157    i.NVIC_PriorityGroupConfig  misc.o
    0x080045d4   0x080045d4   0x000002d4   Code   RO         5172    i.NonlinearSO3AHRSinit  imu.o
    0x080048a8   0x080048a8   0x00000770   Code   RO         5173    i.NonlinearSO3AHRSupdate  imu.o
    0x08005018   0x08005018   0x000000fc   Code   RO         5273    i.PID_Control       pid.o
    0x08005114   0x08005114   0x00000068   Code   RO         5615    i.POWER_Init        power.o
    0x0800517c   0x0800517c   0x00000090   Code   RO         4902    i.Pitch_pid         ctrl_gimbal.o
    0x0800520c   0x0800520c   0x00000144   Code   RO         5278    i.Power_limit_PIDloop  pid.o
    0x08005350   0x08005350   0x000000d4   Code   RO         5097    i.Power_off_function  higher_class.o
    0x08005424   0x08005424   0x00000270   Code   RO         5098    i.Powerlimit_Ctrl   higher_class.o
    0x08005694   0x08005694   0x00000184   Code   RO         5099    i.Powerlimit_Decision  higher_class.o
    0x08005818   0x08005818   0x00000020   Code   RO         1563    i.RCC_AHB1PeriphClockCmd  stm32f4xx_rcc.o
    0x08005838   0x08005838   0x00000020   Code   RO         1572    i.RCC_APB1PeriphClockCmd  stm32f4xx_rcc.o
    0x08005858   0x08005858   0x00000020   Code   RO         1574    i.RCC_APB1PeriphResetCmd  stm32f4xx_rcc.o
    0x08005878   0x08005878   0x00000020   Code   RO         1575    i.RCC_APB2PeriphClockCmd  stm32f4xx_rcc.o
    0x08005898   0x08005898   0x00000020   Code   RO         1577    i.RCC_APB2PeriphResetCmd  stm32f4xx_rcc.o
    0x080058b8   0x080058b8   0x000000e8   Code   RO         1584    i.RCC_GetClocksFreq  stm32f4xx_rcc.o
    0x080059a0   0x080059a0   0x00000134   Code   RO         3705    i.RC_Init           remotecontrol.o
    0x08005ad4   0x08005ad4   0x00000170   Code   RO         3529    i.ReadIMUSensorHandle  mpu6500.o
    0x08005c44   0x08005c44   0x000000e0   Code   RO         3800    i.SPI5_Init         spi.o
    0x08005d24   0x08005d24   0x00000058   Code   RO         3801    i.SPI5_ReadWriteByte  spi.o
    0x08005d7c   0x08005d7c   0x00000018   Code   RO         2159    i.SPI_Cmd           stm32f4xx_spi.o
    0x08005d94   0x08005d94   0x00000012   Code   RO         2167    i.SPI_I2S_GetFlagStatus  stm32f4xx_spi.o
    0x08005da6   0x08005da6   0x00000006   Code   RO         2170    i.SPI_I2S_ReceiveData  stm32f4xx_spi.o
    0x08005dac   0x08005dac   0x00000004   Code   RO         2171    i.SPI_I2S_SendData  stm32f4xx_spi.o
    0x08005db0   0x08005db0   0x0000003c   Code   RO         2172    i.SPI_Init          stm32f4xx_spi.o
    0x08005dec   0x08005dec   0x00000120   Code   RO           12    i.SetSysClock       system_stm32f4xx.o
    0x08005f0c   0x08005f0c   0x000000f8   Code   RO         5233    i.ShooterHeat_Ctrl  user_api.o
    0x08006004   0x08006004   0x00000028   Code   RO          160    i.SysTick_CLKSourceConfig  misc.o
    0x0800602c   0x0800602c   0x00000020   Code   RO         3123    i.SysTick_Handler   delay.o
    0x0800604c   0x0800604c   0x00000068   Code   RO           14    i.SystemInit        system_stm32f4xx.o
    0x080060b4   0x080060b4   0x000000ec   Code   RO         3638    i.TIM2_PWM_Init     pwm.o
    0x080061a0   0x080061a0   0x000000ac   Code   RO         3639    i.TIM3_PWM_Init     pwm.o
    0x0800624c   0x0800624c   0x00000038   Code   RO         3750    i.TIM4_IRQHandler   timer.o
    0x08006284   0x08006284   0x00000064   Code   RO         3751    i.TIM4_Int_Init     timer.o
    0x080062e8   0x080062e8   0x00000018   Code   RO         2377    i.TIM_ARRPreloadConfig  stm32f4xx_tim.o
    0x08006300   0x08006300   0x00000006   Code   RO         2384    i.TIM_ClearITPendingBit  stm32f4xx_tim.o
    0x08006306   0x08006306   0x00000018   Code   RO         2389    i.TIM_Cmd           stm32f4xx_tim.o
    0x0800631e   0x0800631e   0x0000001e   Code   RO         2391    i.TIM_CtrlPWMOutputs  stm32f4xx_tim.o
    0x0800633c   0x0800633c   0x00000190   Code   RO         2394    i.TIM_DeInit        stm32f4xx_tim.o
    0x080064cc   0x080064cc   0x00000022   Code   RO         2410    i.TIM_GetITStatus   stm32f4xx_tim.o
    0x080064ee   0x080064ee   0x00000012   Code   RO         2414    i.TIM_ITConfig      stm32f4xx_tim.o
    0x08006500   0x08006500   0x0000007c   Code   RO         2418    i.TIM_OC1Init       stm32f4xx_tim.o
    0x0800657c   0x0800657c   0x00000012   Code   RO         2421    i.TIM_OC1PreloadConfig  stm32f4xx_tim.o
    0x0800658e   0x0800658e   0x00000002   PAD
    0x08006590   0x08006590   0x000000a4   Code   RO         2423    i.TIM_OC2Init       stm32f4xx_tim.o
    0x08006634   0x08006634   0x0000001a   Code   RO         2426    i.TIM_OC2PreloadConfig  stm32f4xx_tim.o
    0x0800664e   0x0800664e   0x00000002   PAD
    0x08006650   0x08006650   0x000000a0   Code   RO         2428    i.TIM_OC3Init       stm32f4xx_tim.o
    0x080066f0   0x080066f0   0x00000012   Code   RO         2431    i.TIM_OC3PreloadConfig  stm32f4xx_tim.o
    0x08006702   0x08006702   0x00000002   PAD
    0x08006704   0x08006704   0x00000078   Code   RO         2433    i.TIM_OC4Init       stm32f4xx_tim.o
    0x0800677c   0x0800677c   0x0000001a   Code   RO         2435    i.TIM_OC4PreloadConfig  stm32f4xx_tim.o
    0x08006796   0x08006796   0x00000004   Code   RO         2451    i.TIM_SetCompare1   stm32f4xx_tim.o
    0x0800679a   0x0800679a   0x00000004   Code   RO         2454    i.TIM_SetCompare4   stm32f4xx_tim.o
    0x0800679e   0x0800679e   0x00000002   PAD
    0x080067a0   0x080067a0   0x00000084   Code   RO         2461    i.TIM_TimeBaseInit  stm32f4xx_tim.o
    0x08006824   0x08006824   0x000002fc   Code   RO         5279    i.Total_PID_Init    pid.o
    0x08006b20   0x08006b20   0x0000004c   Code   RO         3231    i.UART7_IRQHandler  usart.o
    0x08006b6c   0x08006b6c   0x00000020   Code   RO         3916    i.UNVerify_CRC16_Check_Sum  crc.o
    0x08006b8c   0x08006b8c   0x00000022   Code   RO         3917    i.UNVerify_CRC8_Check_Sum  crc.o
    0x08006bae   0x08006bae   0x00000002   PAD
    0x08006bb0   0x08006bb0   0x00000064   Code   RO         3835    i.USART6_IRQHandler  comm_umpire.o
    0x08006c14   0x08006c14   0x00000018   Code   RO         2939    i.USART_Cmd         stm32f4xx_usart.o
    0x08006c2c   0x08006c2c   0x00000012   Code   RO         2940    i.USART_DMACmd      stm32f4xx_usart.o
    0x08006c3e   0x08006c3e   0x00000002   PAD
    0x08006c40   0x08006c40   0x000000f0   Code   RO         2941    i.USART_DeInit      stm32f4xx_usart.o
    0x08006d30   0x08006d30   0x0000001a   Code   RO         2942    i.USART_GetFlagStatus  stm32f4xx_usart.o
    0x08006d4a   0x08006d4a   0x00000054   Code   RO         2943    i.USART_GetITStatus  stm32f4xx_usart.o
    0x08006d9e   0x08006d9e   0x00000002   PAD
    0x08006da0   0x08006da0   0x000001bc   Code   RO         3432    i.USART_Get_Vision_Data  can2.o
    0x08006f5c   0x08006f5c   0x0000004a   Code   RO         2945    i.USART_ITConfig    stm32f4xx_usart.o
    0x08006fa6   0x08006fa6   0x00000002   PAD
    0x08006fa8   0x08006fa8   0x000000d4   Code   RO         2946    i.USART_Init        stm32f4xx_usart.o
    0x0800707c   0x0800707c   0x0000000a   Code   RO         2953    i.USART_ReceiveData  stm32f4xx_usart.o
    0x08007086   0x08007086   0x00000008   Code   RO         2956    i.USART_SendData    stm32f4xx_usart.o
    0x0800708e   0x0800708e   0x00000004   Code   RO         5546    i.UsageFault_Handler  stm32f4xx_it.o
    0x08007092   0x08007092   0x00000002   PAD
    0x08007094   0x08007094   0x00000038   Code   RO         3918    i.Verify_CRC16_Check_Sum  crc.o
    0x080070cc   0x080070cc   0x0000002e   Code   RO         3919    i.Verify_CRC8_Check_Sum  crc.o
    0x080070fa   0x080070fa   0x00000002   PAD
    0x080070fc   0x080070fc   0x0000001c   Code   RO         4903    i.Yaw_Set_Angle     ctrl_gimbal.o
    0x08007118   0x08007118   0x000000c4   Code   RO         4904    i.Yaw_angle_pid     ctrl_gimbal.o
    0x080071dc   0x080071dc   0x00000030   Code   RO         6881    i.__ARM_fpclassify  m_wm.l(fpclassify.o)
    0x0800720c   0x0800720c   0x00000026   Code   RO         6883    i.__ARM_fpclassifyf  m_wm.l(fpclassifyf.o)
    0x08007232   0x08007232   0x00000014   Code   RO         5006    i.__ARM_isinff      filter.o
    0x08007246   0x08007246   0x0000000e   Code   RO         5007    i.__ARM_isnanf      filter.o
    0x08007254   0x08007254   0x0000012c   Code   RO         6707    i.__hardfp_asinf    m_wm.l(asinf.o)
    0x08007380   0x08007380   0x000002d8   Code   RO         6850    i.__hardfp_atan     m_wm.l(atan.o)
    0x08007658   0x08007658   0x00000200   Code   RO         6719    i.__hardfp_atan2    m_wm.l(atan2.o)
    0x08007858   0x08007858   0x000002ac   Code   RO         6731    i.__hardfp_atan2f   m_wm.l(atan2f.o)
    0x08007b04   0x08007b04   0x00000004   PAD
    0x08007b08   0x08007b08   0x000000c8   Code   RO         6743    i.__hardfp_cos      m_wm.l(cos.o)
    0x08007bd0   0x08007bd0   0x00000150   Code   RO         6755    i.__hardfp_cosf     m_wm.l(cosf.o)
    0x08007d20   0x08007d20   0x00000014   Code   RO         6767    i.__hardfp_fabs     m_wm.l(fabs.o)
    0x08007d34   0x08007d34   0x00000004   PAD
    0x08007d38   0x08007d38   0x000000c8   Code   RO         6773    i.__hardfp_sin      m_wm.l(sin.o)
    0x08007e00   0x08007e00   0x00000190   Code   RO         6785    i.__hardfp_sinf     m_wm.l(sinf.o)
    0x08007f90   0x08007f90   0x0000007a   Code   RO         6797    i.__hardfp_sqrt     m_wm.l(sqrt.o)
    0x0800800a   0x0800800a   0x00000002   PAD
    0x0800800c   0x0800800c   0x0000017c   Code   RO         6809    i.__hardfp_tanf     m_wm.l(tanf.o)
    0x08008188   0x08008188   0x00000438   Code   RO         6902    i.__ieee754_rem_pio2  m_wm.l(rred.o)
    0x080085c0   0x080085c0   0x00000170   Code   RO         6864    i.__kernel_cos      m_wm.l(cos_i.o)
    0x08008730   0x08008730   0x000000f8   Code   RO         6899    i.__kernel_poly     m_wm.l(poly.o)
    0x08008828   0x08008828   0x00000130   Code   RO         6910    i.__kernel_sin      m_wm.l(sin_i.o)
    0x08008958   0x08008958   0x00000014   Code   RO         6868    i.__mathlib_dbl_infnan  m_wm.l(dunder.o)
    0x0800896c   0x0800896c   0x00000014   Code   RO         6869    i.__mathlib_dbl_infnan2  m_wm.l(dunder.o)
    0x08008980   0x08008980   0x00000020   Code   RO         6870    i.__mathlib_dbl_invalid  m_wm.l(dunder.o)
    0x080089a0   0x080089a0   0x00000020   Code   RO         6873    i.__mathlib_dbl_underflow  m_wm.l(dunder.o)
    0x080089c0   0x080089c0   0x00000006   Code   RO         6886    i.__mathlib_flt_infnan  m_wm.l(funder.o)
    0x080089c6   0x080089c6   0x00000006   Code   RO         6887    i.__mathlib_flt_infnan2  m_wm.l(funder.o)
    0x080089cc   0x080089cc   0x00000010   Code   RO         6888    i.__mathlib_flt_invalid  m_wm.l(funder.o)
    0x080089dc   0x080089dc   0x00000010   Code   RO         6891    i.__mathlib_flt_underflow  m_wm.l(funder.o)
    0x080089ec   0x080089ec   0x00000154   Code   RO         6907    i.__mathlib_rredf2  m_wm.l(rredf.o)
    0x08008b40   0x08008b40   0x0000000e   Code   RO         6638    i._is_digit         c_w.l(__printf_wp.o)
    0x08008b4e   0x08008b4e   0x00000004   Code   RO         3232    i._sys_exit         usart.o
    0x08008b52   0x08008b52   0x0000002e   Code   RO         5281    i.abs_limit         pid.o
    0x08008b80   0x08008b80   0x00000010   Code   RO         6852    i.atan              m_wm.l(atan.o)
    0x08008b90   0x08008b90   0x000000b8   Code   RO         3312    i.buzzer_init       buzzer.o
    0x08008c48   0x08008c48   0x00000010   Code   RO         3313    i.buzzer_off        buzzer.o
    0x08008c58   0x08008c58   0x0000001c   Code   RO         3314    i.buzzer_on         buzzer.o
    0x08008c74   0x08008c74   0x00000148   Code   RO         4672    i.character_Cap_v   usart_senddata.o
    0x08008dbc   0x08008dbc   0x00000148   Code   RO         4673    i.character_Pitch_angle  usart_senddata.o
    0x08008f04   0x08008f04   0x00000148   Code   RO         4674    i.character_SpinTop  usart_senddata.o
    0x0800904c   0x0800904c   0x00000144   Code   RO         4675    i.character_Stronghold  usart_senddata.o
    0x08009190   0x08009190   0x00000148   Code   RO         4676    i.character_Vision  usart_senddata.o
    0x080092d8   0x080092d8   0x00000144   Code   RO         4677    i.character_chassis_mode1  usart_senddata.o
    0x0800941c   0x0800941c   0x00000144   Code   RO         4678    i.character_chassis_mode2  usart_senddata.o
    0x08009560   0x08009560   0x00000144   Code   RO         4679    i.character_fire_mode1  usart_senddata.o
    0x080096a4   0x080096a4   0x00000144   Code   RO         4680    i.character_fire_mode2  usart_senddata.o
    0x080097e8   0x080097e8   0x0000031c   Code   RO         5234    i.chassis_control_acquisition  user_api.o
    0x08009b04   0x08009b04   0x0000016c   Code   RO         5100    i.chassis_set_control  higher_class.o
    0x08009c70   0x08009c70   0x00000044   Code   RO         3124    i.delay_init        delay.o
    0x08009cb4   0x08009cb4   0x00000040   Code   RO         3125    i.delay_ms          delay.o
    0x08009cf4   0x08009cf4   0x00000048   Code   RO         3126    i.delay_us          delay.o
    0x08009d3c   0x08009d3c   0x00000040   Code   RO         4681    i.determine_ID      usart_senddata.o
    0x08009d7c   0x08009d7c   0x00000018   Code   RO         6769    i.fabs              m_wm.l(fabs.o)
    0x08009d94   0x08009d94   0x0000001c   Code   RO         3233    i.fputc             usart.o
    0x08009db0   0x08009db0   0x00000144   Code   RO         3642    i.fric_PWM_configuration  pwm.o
    0x08009ef4   0x08009ef4   0x0000001c   Code   RO         3643    i.fric_off          pwm.o
    0x08009f10   0x08009f10   0x00000164   Code   RO         4905    i.friction_wheel_ramp_function  ctrl_gimbal.o
    0x0800a074   0x0800a074   0x00000360   Code   RO         5235    i.gimbal_control_acquisition  user_api.o
    0x0800a3d4   0x0800a3d4   0x000005b8   Code   RO         4683    i.graphic_2t        usart_senddata.o
    0x0800a98c   0x0800a98c   0x000005b8   Code   RO         4684    i.graphic_3t        usart_senddata.o
    0x0800af44   0x0800af44   0x0000006c   Code   RO         5174    i.invSqrt           imu.o
    0x0800afb0   0x0800afb0   0x00000020   Code   RO         4685    i.is_red_or_blue    usart_senddata.o
    0x0800afd0   0x0800afd0   0x000000a0   Code   RO         3357    i.kalman            can1.o
    0x0800b070   0x0800b070   0x000000d0   Code   RO         5364    i.kalmanCreate      kalman.o
    0x0800b140   0x0800b140   0x00000120   Code   RO         3879    i.laser_configuration  laser.o
    0x0800b260   0x0800b260   0x00000014   Code   RO         3880    i.laser_off         laser.o
    0x0800b274   0x0800b274   0x00000012   Code   RO         5505    i.main              main.o
    0x0800b286   0x0800b286   0x00000002   PAD
    0x0800b288   0x0800b288   0x00000044   Code   RO         5548    i.micros            stm32f4xx_it.o
    0x0800b2cc   0x0800b2cc   0x00000064   Code   RO         4816    i.motor_speed_ctrl  ctrl_chassis.o
    0x0800b330   0x0800b330   0x000001f0   Code   RO         4686    i.number_t          usart_senddata.o
    0x0800b520   0x0800b520   0x00000020   Code   RO         5616    i.power_ctrl_off    power.o
    0x0800b540   0x0800b540   0x00000020   Code   RO         5617    i.power_ctrl_on     power.o
    0x0800b560   0x0800b560   0x00000098   Code   RO         6000    i.prvAddCurrentTaskToDelayedList  tasks.o
    0x0800b5f8   0x0800b5f8   0x000000b8   Code   RO         6001    i.prvAddNewTaskToReadyList  tasks.o
    0x0800b6b0   0x0800b6b0   0x00000064   Code   RO         6337    i.prvCheckForValidListAndQueue  timers.o
    0x0800b714   0x0800b714   0x00000064   Code   RO         6002    i.prvCheckTasksWaitingTermination  tasks.o
    0x0800b778   0x0800b778   0x0000002a   Code   RO         5799    i.prvCopyDataFromQueue  queue.o
    0x0800b7a2   0x0800b7a2   0x0000007c   Code   RO         5800    i.prvCopyDataToQueue  queue.o
    0x0800b81e   0x0800b81e   0x00000012   Code   RO         6003    i.prvDeleteTCB      tasks.o
    0x0800b830   0x0800b830   0x00000028   Code   RO         6338    i.prvGetNextExpireTime  timers.o
    0x0800b858   0x0800b858   0x0000007c   Code   RO         6544    i.prvHeapInit       heap_4.o
    0x0800b8d4   0x0800b8d4   0x00000028   Code   RO         6004    i.prvIdleTask       tasks.o
    0x0800b8fc   0x0800b8fc   0x0000002a   Code   RO         5802    i.prvInitialiseNewQueue  queue.o
    0x0800b926   0x0800b926   0x000000b4   Code   RO         6005    i.prvInitialiseNewTask  tasks.o
    0x0800b9da   0x0800b9da   0x00000002   PAD
    0x0800b9dc   0x0800b9dc   0x00000068   Code   RO         6006    i.prvInitialiseTaskLists  tasks.o
    0x0800ba44   0x0800ba44   0x00000068   Code   RO         6545    i.prvInsertBlockIntoFreeList  heap_4.o
    0x0800baac   0x0800baac   0x00000058   Code   RO         6340    i.prvInsertTimerInActiveList  timers.o
    0x0800bb04   0x0800bb04   0x0000001a   Code   RO         5803    i.prvIsQueueEmpty   queue.o
    0x0800bb1e   0x0800bb1e   0x0000001e   Code   RO         5804    i.prvIsQueueFull    queue.o
    0x0800bb3c   0x0800bb3c   0x00000064   Code   RO         6341    i.prvProcessExpiredTimer  timers.o
    0x0800bba0   0x0800bba0   0x000000f8   Code   RO         6342    i.prvProcessReceivedCommands  timers.o
    0x0800bc98   0x0800bc98   0x00000074   Code   RO         6343    i.prvProcessTimerOrBlockTask  timers.o
    0x0800bd0c   0x0800bd0c   0x00000034   Code   RO         6008    i.prvResetNextTaskUnblockTime  tasks.o
    0x0800bd40   0x0800bd40   0x0000002c   Code   RO         6344    i.prvSampleTimeNow  timers.o
    0x0800bd6c   0x0800bd6c   0x000000a0   Code   RO         6345    i.prvSwitchTimerLists  timers.o
    0x0800be0c   0x0800be0c   0x00000040   Code   RO         6468    i.prvTaskExitError  port.o
    0x0800be4c   0x0800be4c   0x0000001a   Code   RO         6346    i.prvTimerTask      timers.o
    0x0800be66   0x0800be66   0x0000007e   Code   RO         5805    i.prvUnlockQueue    queue.o
    0x0800bee4   0x0800bee4   0x0000013c   Code   RO         6546    i.pvPortMalloc      heap_4.o
    0x0800c020   0x0800c020   0x00000020   Code   RO         6011    i.pvTaskIncrementMutexHeldCount  tasks.o
    0x0800c040   0x0800c040   0x0000002c   Code   RO         6469    i.pxPortInitialiseStack  port.o
    0x0800c06c   0x0800c06c   0x00000080   Code   RO         4906    i.ramp_calc         ctrl_gimbal.o
    0x0800c0ec   0x0800c0ec   0x00000070   Code   RO         4907    i.ramp_calc1        ctrl_gimbal.o
    0x0800c15c   0x0800c15c   0x00000214   Code   RO         4687    i.send_mode         usart_senddata.o
    0x0800c370   0x0800c370   0x000001ac   Code   RO         5413    i.shoot_task        ctrl_shoot.o
    0x0800c51c   0x0800c51c   0x000001d8   Code   RO         5414    i.shoot_task1       ctrl_shoot.o
    0x0800c6f4   0x0800c6f4   0x0000003e   Code   RO         6918    i.sqrtf             m_wm.l(sqrtf.o)
    0x0800c732   0x0800c732   0x00000002   PAD
    0x0800c734   0x0800c734   0x0000002c   Code   RO         5459    i.startTast         start_task.o
    0x0800c760   0x0800c760   0x000000d8   Code   RO         5460    i.start_task        start_task.o
    0x0800c838   0x0800c838   0x00000094   Code   RO         4688    i.tx2_send          usart_senddata.o
    0x0800c8cc   0x0800c8cc   0x00000118   Code   RO         3234    i.usart_init        usart.o
    0x0800c9e4   0x0800c9e4   0x00000028   Code   RO         5762    i.uxListRemove      list.o
    0x0800ca0c   0x0800ca0c   0x0000001a   Code   RO         5763    i.vListInitialise   list.o
    0x0800ca26   0x0800ca26   0x00000006   Code   RO         5764    i.vListInitialiseItem  list.o
    0x0800ca2c   0x0800ca2c   0x00000034   Code   RO         5765    i.vListInsert       list.o
    0x0800ca60   0x0800ca60   0x00000018   Code   RO         5766    i.vListInsertEnd    list.o
    0x0800ca78   0x0800ca78   0x00000054   Code   RO         6471    i.vPortEnterCritical  port.o
    0x0800cacc   0x0800cacc   0x0000003c   Code   RO         6472    i.vPortExitCritical  port.o
    0x0800cb08   0x0800cb08   0x00000094   Code   RO         6547    i.vPortFree         heap_4.o
    0x0800cb9c   0x0800cb9c   0x00000020   Code   RO         6473    i.vPortSetupTimerInterrupt  port.o
    0x0800cbbc   0x0800cbbc   0x00000078   Code   RO         6474    i.vPortValidateInterruptPriority  port.o
    0x0800cc34   0x0800cc34   0x0000002c   Code   RO         5811    i.vQueueAddToRegistry  queue.o
    0x0800cc60   0x0800cc60   0x0000004a   Code   RO         5815    i.vQueueWaitForMessageRestricted  queue.o
    0x0800ccaa   0x0800ccaa   0x00000002   PAD
    0x0800ccac   0x0800ccac   0x0000005c   Code   RO         6019    i.vTaskDelay        tasks.o
    0x0800cd08   0x0800cd08   0x000000f4   Code   RO         6021    i.vTaskDelete       tasks.o
    0x0800cdfc   0x0800cdfc   0x0000000c   Code   RO         6024    i.vTaskMissedYield  tasks.o
    0x0800ce08   0x0800ce08   0x00000038   Code   RO         6026    i.vTaskPlaceOnEventList  tasks.o
    0x0800ce40   0x0800ce40   0x00000040   Code   RO         6027    i.vTaskPlaceOnEventListRestricted  tasks.o
    0x0800ce80   0x0800ce80   0x000000b0   Code   RO         6029    i.vTaskPriorityInherit  tasks.o
    0x0800cf30   0x0800cf30   0x00000030   Code   RO         6033    i.vTaskSetTimeOutState  tasks.o
    0x0800cf60   0x0800cf60   0x00000094   Code   RO         6034    i.vTaskStartScheduler  tasks.o
    0x0800cff4   0x0800cff4   0x00000010   Code   RO         6036    i.vTaskSuspendAll   tasks.o
    0x0800d004   0x0800d004   0x0000008c   Code   RO         6037    i.vTaskSwitchContext  tasks.o
    0x0800d090   0x0800d090   0x0000013c   Code   RO         6475    i.xPortStartScheduler  port.o
    0x0800d1cc   0x0800d1cc   0x00000034   Code   RO         6476    i.xPortSysTickHandler  port.o
    0x0800d200   0x0800d200   0x00000058   Code   RO         5818    i.xQueueGenericCreate  queue.o
    0x0800d258   0x0800d258   0x000001c4   Code   RO         5819    i.xQueueGenericReceive  queue.o
    0x0800d41c   0x0800d41c   0x00000098   Code   RO         5820    i.xQueueGenericReset  queue.o
    0x0800d4b4   0x0800d4b4   0x000001a8   Code   RO         5821    i.xQueueGenericSend  queue.o
    0x0800d65c   0x0800d65c   0x000000f8   Code   RO         5822    i.xQueueGenericSendFromISR  queue.o
    0x0800d754   0x0800d754   0x0000008c   Code   RO         6038    i.xTaskCheckForTimeOut  tasks.o
    0x0800d7e0   0x0800d7e0   0x00000060   Code   RO         6039    i.xTaskCreate       tasks.o
    0x0800d840   0x0800d840   0x00000020   Code   RO         6043    i.xTaskGetSchedulerState  tasks.o
    0x0800d860   0x0800d860   0x0000000c   Code   RO         6044    i.xTaskGetTickCount  tasks.o
    0x0800d86c   0x0800d86c   0x00000148   Code   RO         6046    i.xTaskIncrementTick  tasks.o
    0x0800d9b4   0x0800d9b4   0x000000c8   Code   RO         6049    i.xTaskPriorityDisinherit  tasks.o
    0x0800da7c   0x0800da7c   0x00000098   Code   RO         6050    i.xTaskRemoveFromEventList  tasks.o
    0x0800db14   0x0800db14   0x00000104   Code   RO         6052    i.xTaskResumeAll    tasks.o
    0x0800dc18   0x0800dc18   0x00000058   Code   RO         6350    i.xTimerCreateTimerTask  timers.o
    0x0800dc70   0x0800dc70   0x00000084   Code   RO         6351    i.xTimerGenericCommand  timers.o
    0x0800dcf4   0x0800dcf4   0x00000018   Code   RO         6833    x$fpl$basic         fz_wm.l(basic.o)
    0x0800dd0c   0x0800dd0c   0x00000062   Code   RO         6663    x$fpl$d2f           fz_wm.l(d2f.o)
    0x0800dd6e   0x0800dd6e   0x00000002   PAD
    0x0800dd70   0x0800dd70   0x00000150   Code   RO         6665    x$fpl$dadd          fz_wm.l(daddsub_clz.o)
    0x0800dec0   0x0800dec0   0x00000018   Code   RO         6835    x$fpl$dcmpinf       fz_wm.l(dcmpi.o)
    0x0800ded8   0x0800ded8   0x000002b0   Code   RO         6672    x$fpl$ddiv          fz_wm.l(ddiv.o)
    0x0800e188   0x0800e188   0x00000078   Code   RO         6837    x$fpl$deqf          fz_wm.l(deqf.o)
    0x0800e200   0x0800e200   0x0000005e   Code   RO         6675    x$fpl$dfix          fz_wm.l(dfix.o)
    0x0800e25e   0x0800e25e   0x0000002e   Code   RO         6680    x$fpl$dflt          fz_wm.l(dflt_clz.o)
    0x0800e28c   0x0800e28c   0x00000026   Code   RO         6679    x$fpl$dfltu         fz_wm.l(dflt_clz.o)
    0x0800e2b2   0x0800e2b2   0x00000002   PAD
    0x0800e2b4   0x0800e2b4   0x00000078   Code   RO         6685    x$fpl$dleqf         fz_wm.l(dleqf.o)
    0x0800e32c   0x0800e32c   0x00000154   Code   RO         6687    x$fpl$dmul          fz_wm.l(dmul.o)
    0x0800e480   0x0800e480   0x0000009c   Code   RO         6839    x$fpl$dnaninf       fz_wm.l(dnaninf.o)
    0x0800e51c   0x0800e51c   0x0000000c   Code   RO         6841    x$fpl$dretinf       fz_wm.l(dretinf.o)
    0x0800e528   0x0800e528   0x0000006c   Code   RO         6689    x$fpl$drleqf        fz_wm.l(drleqf.o)
    0x0800e594   0x0800e594   0x00000016   Code   RO         6666    x$fpl$drsb          fz_wm.l(daddsub_clz.o)
    0x0800e5aa   0x0800e5aa   0x00000002   PAD
    0x0800e5ac   0x0800e5ac   0x00000198   Code   RO         6843    x$fpl$dsqrt         fz_wm.l(dsqrt_umaal.o)
    0x0800e744   0x0800e744   0x000001d4   Code   RO         6667    x$fpl$dsub          fz_wm.l(daddsub_clz.o)
    0x0800e918   0x0800e918   0x00000056   Code   RO         6691    x$fpl$f2d           fz_wm.l(f2d.o)
    0x0800e96e   0x0800e96e   0x0000008c   Code   RO         6845    x$fpl$fnaninf       fz_wm.l(fnaninf.o)
    0x0800e9fa   0x0800e9fa   0x0000000a   Code   RO         7043    x$fpl$fpinit        fz_wm.l(fpinit.o)
    0x0800ea04   0x0800ea04   0x0000000a   Code   RO         6847    x$fpl$fretinf       fz_wm.l(fretinf.o)
    0x0800ea0e   0x0800ea0e   0x00000000   Code   RO         6849    x$fpl$usenofp       fz_wm.l(usenofp.o)
    0x0800ea0e   0x0800ea0e   0x00000002   PAD
    0x0800ea10   0x0800ea10   0x00000014   Data   RO         3532    .constdata          mpu6500.o
    0x0800ea24   0x0800ea24   0x00000302   Data   RO         3920    .constdata          crc.o
    0x0800ed26   0x0800ed26   0x00000002   PAD
    0x0800ed28   0x0800ed28   0x0000011e   Data   RO         4690    .constdata          usart_senddata.o
    0x0800ee46   0x0800ee46   0x00000002   PAD
    0x0800ee48   0x0800ee48   0x00000024   Data   RO         5176    .constdata          imu.o
    0x0800ee6c   0x0800ee6c   0x00000011   Data   RO         6641    .constdata          c_w.l(__printf_flags_wp.o)
    0x0800ee7d   0x0800ee7d   0x00000003   PAD
    0x0800ee80   0x0800ee80   0x00000098   Data   RO         6853    .constdata          m_wm.l(atan.o)
    0x0800ef18   0x0800ef18   0x00000030   Data   RO         6865    .constdata          m_wm.l(cos_i.o)
    0x0800ef48   0x0800ef48   0x00000008   Data   RO         6901    .constdata          m_wm.l(qnan.o)
    0x0800ef50   0x0800ef50   0x000000c8   Data   RO         6904    .constdata          m_wm.l(rred.o)
    0x0800f018   0x0800f018   0x00000020   Data   RO         6908    .constdata          m_wm.l(rredf.o)
    0x0800f038   0x0800f038   0x00000028   Data   RO         6911    .constdata          m_wm.l(sin_i.o)
    0x0800f060   0x0800f060   0x00000020   Data   RO         7105    Region$$Table       anon$$obj.o


    Execution Region RW_IRAM1 (Exec base: 0x20000000, Load base: 0x0800f080, Size: 0x000158c8, Max: 0x00030000, ABSOLUTE, COMPRESSED[0x0000009c])

    Exec Addr    Load Addr    Size         Type   Attr      Idx    E Section Name        Object

    0x20000000   COMPRESSED   0x00000014   Data   RW           15    .data               system_stm32f4xx.o
    0x20000014   COMPRESSED   0x00000010   Data   RW         1616    .data               stm32f4xx_rcc.o
    0x20000024   COMPRESSED   0x00000004   Data   RW         3128    .data               delay.o
    0x20000028   COMPRESSED   0x00000008   Data   RW         3236    .data               usart.o
    0x20000030   COMPRESSED   0x00000044   Data   RW         3359    .data               can1.o
    0x20000074   COMPRESSED   0x00000007   Data   RW         3434    .data               can2.o
    0x2000007b   COMPRESSED   0x00000006   Data   RW         3533    .data               mpu6500.o
    0x20000081   COMPRESSED   0x00000001   Data   RW         3707    .data               remotecontrol.o
    0x20000082   COMPRESSED   0x00000002   PAD
    0x20000084   COMPRESSED   0x00000014   Data   RW         3837    .data               comm_umpire.o
    0x20000098   COMPRESSED   0x00000002   Data   RW         3921    .data               crc.o
    0x2000009a   COMPRESSED   0x00000002   PAD
    0x2000009c   COMPRESSED   0x00000023   Data   RW         4691    .data               usart_senddata.o
    0x200000bf   COMPRESSED   0x00000001   PAD
    0x200000c0   COMPRESSED   0x00000060   Data   RW         4908    .data               ctrl_gimbal.o
    0x20000120   COMPRESSED   0x000000c0   Data   RW         5008    .data               filter.o
    0x200001e0   COMPRESSED   0x00000094   Data   RW         5101    .data               higher_class.o
    0x20000274   COMPRESSED   0x00000072   Data   RW         5177    .data               imu.o
    0x200002e6   COMPRESSED   0x00000002   PAD
    0x200002e8   COMPRESSED   0x00000060   Data   RW         5237    .data               user_api.o
    0x20000348   COMPRESSED   0x00000060   Data   RW         5283    .data               pid.o
    0x200003a8   COMPRESSED   0x00000038   Data   RW         5415    .data               ctrl_shoot.o
    0x200003e0   COMPRESSED   0x00000014   Data   RW         5461    .data               start_task.o
    0x200003f4   COMPRESSED   0x00000008   Data   RW         5550    .data               stm32f4xx_it.o
    0x200003fc   COMPRESSED   0x0000003c   Data   RW         6055    .data               tasks.o
    0x20000438   COMPRESSED   0x00000014   Data   RW         6357    .data               timers.o
    0x2000044c   COMPRESSED   0x0000000c   Data   RW         6477    .data               port.o
    0x20000458   COMPRESSED   0x00000018   Data   RW         6552    .data               heap_4.o
    0x20000470        -       0x000000d6   Zero   RW         3235    .bss                usart.o
    0x20000546   COMPRESSED   0x00000002   PAD
    0x20000548        -       0x000000bc   Zero   RW         3358    .bss                can1.o
    0x20000604        -       0x0000003c   Zero   RW         3433    .bss                can2.o
    0x20000640        -       0x00000110   Zero   RW         3531    .bss                mpu6500.o
    0x20000750        -       0x00000042   Zero   RW         3706    .bss                remotecontrol.o
    0x20000792        -       0x000001c4   Zero   RW         3836    .bss                comm_umpire.o
    0x20000956        -       0x00000339   Zero   RW         4689    .bss                usart_senddata.o
    0x20000c8f   COMPRESSED   0x00000001   PAD
    0x20000c90        -       0x00000048   Zero   RW         4818    .bss                ctrl_chassis.o
    0x20000cd8        -       0x00000018   Zero   RW         5175    .bss                imu.o
    0x20000cf0        -       0x00000018   Zero   RW         5236    .bss                user_api.o
    0x20000d08        -       0x00000880   Zero   RW         5282    .bss                pid.o
    0x20001588        -       0x000001b0   Zero   RW         5365    .bss                kalman.o
    0x20001738        -       0x00000040   Zero   RW         5830    .bss                queue.o
    0x20001778        -       0x000000c8   Zero   RW         6054    .bss                tasks.o
    0x20001840        -       0x00000028   Zero   RW         6356    .bss                timers.o
    0x20001868        -       0x00012c00   Zero   RW         6551    .bss                heap_4.o
    0x20014468        -       0x00000060   Zero   RW         6961    .bss                c_w.l(libspace.o)
    0x200144c8        -       0x00001000   Zero   RW            2    HEAP                startup_stm32f427xx.o
    0x200154c8        -       0x00000400   Zero   RW            1    STACK               startup_stm32f427xx.o


==============================================================================

Image component sizes


      Code (inc. data)   RO Data    RW Data    ZI Data      Debug   Object Name

       228         18          0          0          0       1823   buzzer.o
      2076         84          0         68        188       6776   can1.o
      1144         88          0          7         60       5423   can2.o
      1324         72          0         20        452       7026   comm_umpire.o
       324         30        770          2          0       6383   crc.o
      1248         70          0          0         72       4160   ctrl_chassis.o
      1488        242          0         96          0       7560   ctrl_gimbal.o
      1004        124          0         56          0       3442   ctrl_shoot.o
       236         24          0          4          0      12537   delay.o
         0          0          0          0          0      10336   event_groups.o
      3010        444          0        192          0      16903   filter.o
       692         62          0         24      76800       4355   heap_4.o
      2776        358          0        148          0       6772   higher_class.o
      4402        290         36        114         24       8455   imu.o
       208         50          0          0        432       1807   kalman.o
       308         28          0          0          0       1130   laser.o
       100          8          0          0          0        531   led.o
       148          0          0          0          0       3178   list.o
       186          8          0          0          0       1118   main.o
       180         24          0          0          0     246057   misc.o
       828         84         20          6        272      10059   mpu6500.o
      1386        162          0         96       2176       7536   pid.o
       954         92          0         12          0      11549   port.o
       168         18          0          0          0       1666   power.o
       760         38          0          0          0       2652   pwm.o
      1872         22          0          0         64      15857   queue.o
       890         48          0          1         66       4994   remotecontrol.o
       312         14          0          0          0       1357   spi.o
       260        130          0         20          0       1633   start_task.o
        64         26        428          0       5120        892   startup_stm32f427xx.o
      1870         48          0          0          0       9089   stm32f4xx_can.o
       696         68          0          0          0       7043   stm32f4xx_dma.o
       222          0          0          0          0       2951   stm32f4xx_gpio.o
        88         10          0          8          0       3810   stm32f4xx_it.o
       392         48          0         16          0       5893   stm32f4xx_rcc.o
       112          0          0          0          0       3574   stm32f4xx_spi.o
      1332        120          0          0          0      12291   stm32f4xx_tim.o
       696         42          0          0          0       6887   stm32f4xx_usart.o
       392         32          0         20          0      75397   system_stm32f4xx.o
      3078        410          0         60        200      22931   tasks.o
       156         18          0          0          0       1174   timer.o
      1142        118          0         20         40      17191   timers.o
       492         54          0          8        214       5916   usart.o
      7160        394        286         35        825      17040   usart_senddata.o
      1908        222          0         96         24       4912   user_api.o

    ----------------------------------------------------------------------
     48356       4242       1576       1136      87032     610066   Object Totals
         0          0         32          0          0          0   (incl. Generated)
        44          0          4          7          3          0   (incl. Padding)

    ----------------------------------------------------------------------

      Code (inc. data)   RO Data    RW Data    ZI Data      Debug   Library Member Name

        90          0          0          0          0          0   __dczerorl2.o
         8          0          0          0          0         68   __main.o
       312          4         17          0          0         92   __printf_flags_wp.o
        14          0          0          0          0         68   __printf_wp.o
         0          0          0          0          0          0   __rtentry.o
        12          0          0          0          0          0   __rtentry2.o
         6          0          0          0          0          0   __rtentry4.o
        52          8          0          0          0          0   __scatter.o
        28          0          0          0          0          0   __scatter_zi.o
        48          6          0          0          0         96   _printf_char_common.o
        36          4          0          0          0         80   _printf_char_file.o
         0          0          0          0          0          0   _printf_percent.o
         4          0          0          0          0          0   _printf_percent_end.o
        22          0          0          0          0        100   _rserrno.o
        16          0          0          0          0         68   aeabi_memset.o
        18          0          0          0          0         80   exit.o
         8          0          0          0          0         68   ferror.o
         6          0          0          0          0        152   heapauxi.o
         2          0          0          0          0          0   libinit.o
         6          0          0          0          0          0   libinit2.o
         2          0          0          0          0          0   libshutdown.o
         2          0          0          0          0          0   libshutdown2.o
         8          4          0          0         96         68   libspace.o
        24          4          0          0          0         84   noretval__2printf.o
         8          4          0          0          0         68   rt_errno_addr_intlibspace.o
        68          0          0          0          0         68   rt_memclr.o
        78          0          0          0          0         80   rt_memclr_w.o
       138          0          0          0          0         68   rt_memcpy_v6.o
       100          0          0          0          0         80   rt_memcpy_w.o
         2          0          0          0          0          0   rtexit.o
        10          0          0          0          0          0   rtexit2.o
        74          0          0          0          0         80   sys_stackheap_outer.o
        24          0          0          0          0        164   basic.o
        98          4          0          0          0        140   d2f.o
       826         16          0          0          0        492   daddsub_clz.o
        24          0          0          0          0        116   dcmpi.o
       688        140          0          0          0        256   ddiv.o
       120          4          0          0          0        140   deqf.o
        94          4          0          0          0        140   dfix.o
        84          0          0          0          0        232   dflt_clz.o
       120          4          0          0          0        140   dleqf.o
       340         12          0          0          0        152   dmul.o
       156          4          0          0          0        140   dnaninf.o
        12          0          0          0          0        116   dretinf.o
       108          0          0          0          0        128   drleqf.o
       408         56          0          0          0        168   dsqrt_umaal.o
        86          4          0          0          0        132   f2d.o
       140          4          0          0          0        132   fnaninf.o
        10          0          0          0          0        116   fpinit.o
        10          0          0          0          0        116   fretinf.o
         0          0          0          0          0          0   usenofp.o
       300         42          0          0          0        176   asinf.o
       744        106        152          0          0        352   atan.o
       512         64          0          0          0        208   atan2.o
       684         90          0          0          0        208   atan2f.o
       200         20          0          0          0        164   cos.o
       368         46         48          0          0        200   cos_i.o
       336         56          0          0          0        136   cosf.o
       104         16          0          0          0        496   dunder.o
        44          0          0          0          0        248   fabs.o
        48          0          0          0          0        124   fpclassify.o
        38          0          0          0          0        116   fpclassifyf.o
        44         12          0          0          0        464   funder.o
       248          0          0          0          0        152   poly.o
         0          0          8          0          0          0   qnan.o
      1080        142        200          0          0        188   rred.o
       340         24         32          0          0        160   rredf.o
       200         20          0          0          0        164   sin.o
       304         24         40          0          0        208   sin_i.o
       400         56          0          0          0        212   sinf.o
       122          0          0          0          0        148   sqrt.o
        62          0          0          0          0        136   sqrtf.o
       380         58          0          0          0        200   tanf.o

    ----------------------------------------------------------------------
     11136       1066        500          0         96       8948   Library Totals
        28          4          3          0          0          0   (incl. Padding)

    ----------------------------------------------------------------------

      Code (inc. data)   RO Data    RW Data    ZI Data      Debug   Library Name

      1202         34         17          0         96       1468   c_w.l
      3348        252          0          0          0       3020   fz_wm.l
      6558        776        480          0          0       4460   m_wm.l

    ----------------------------------------------------------------------
     11136       1066        500          0         96       8948   Library Totals

    ----------------------------------------------------------------------

==============================================================================


      Code (inc. data)   RO Data    RW Data    ZI Data      Debug   

     59492       5308       2076       1136      87128     586586   Grand Totals
     59492       5308       2076        156      87128     586586   ELF Image Totals (compressed)
     59492       5308       2076        156          0          0   ROM Totals

==============================================================================

    Total RO  Size (Code + RO Data)                61568 (  60.13kB)
    Total RW  Size (RW Data + ZI Data)             88264 (  86.20kB)
    Total ROM Size (Code + RO Data + RW Data)      61724 (  60.28kB)

==============================================================================

